******************************************************************************
                  TI ARM Linker PC v5.2.7                      
******************************************************************************
>> Linked Sat Jan 14 19:15:33 2017

OUTPUT FILE NAME:   <PWM_Test.out>
ENTRY POINT SYMBOL: "_c_int00"  address: 00000f0d


MEMORY CONFIGURATION

         name            origin    length      used     unused   attr    fill
----------------------  --------  ---------  --------  --------  ----  --------
  FLASH                 00000000   00040000  000013f2  0003ec0e  R  X
  SRAM                  20000000   00008000  0000021c  00007de4  RW X


SEGMENT ALLOCATION MAP

run origin  load origin   length   init length attrs members
----------  ----------- ---------- ----------- ----- -------
00000000    00000000    000013f8   000013f8    r-x
  00000000    00000000    0000026c   0000026c    r-- .intvecs
  0000026c    0000026c    000010a8   000010a8    r-x .text
  00001314    00001314    000000be   000000be    r-- .const
  000013d8    000013d8    00000020   00000020    r-- .cinit
20000000    20000000    0000021c   00000000    rw-
  20000000    20000000    00000200   00000000    rw- .stack
  20000200    20000200    0000001c   00000000    rw- .data


SECTION ALLOCATION MAP

 output                                  attributes/
section   page    origin      length       input sections
--------  ----  ----------  ----------   ----------------
.intvecs   0    00000000    0000026c     
                  00000000    0000026c     tm4c123gh6pm_startup_ccs.obj (.intvecs)

.text      0    0000026c    000010a8     
                  0000026c    0000049c     uartstdio.obj (.text)
                  00000708    000001a8     PWM_RGB.obj (.text)
                  000008b0    0000017c     main.obj (.text)
                  00000a2c    00000132     driverlib.lib : gpio.obj (.text:GPIOPadConfigSet)
                  00000b5e    00000002     rtsv7M4_T_le_v4SPD16_eabi.lib : i_div0.obj (.text)
                  00000b60    000000f4     driverlib.lib : sysctl.obj (.text:SysCtlClockSet)
                  00000c54    000000c8     Button_Utils.obj (.text)
                  00000d1c    0000009c     rtsv7M4_T_le_v4SPD16_eabi.lib : memcpy_t2.obj (.text)
                  00000db8    0000007a                                   : memset_t2.obj (.text)
                  00000e32    00000002     --HOLE-- [fill = 0]
                  00000e34    0000006c                                   : autoinit.obj (.text)
                  00000ea0    0000006a                                   : copy_decompress_rle.obj (.text)
                  00000f0a    00000002     --HOLE-- [fill = 0]
                  00000f0c    00000050                                   : boot.obj (.text)
                  00000f5c    0000004c     UART_Utils.obj (.text)
                  00000fa8    0000004c     rtsv7M4_T_le_v4SPD16_eabi.lib : cpy_tbl.obj (.text)
                  00000ff4    00000048     driverlib.lib : gpio.obj (.text:GPIOPinConfigure)
                  0000103c    00000046                   : uart.obj (.text:UARTConfigSetExpClk)
                  00001082    00000002     --HOLE-- [fill = 0]
                  00001084    00000044     rtsv7M4_T_le_v4SPD16_eabi.lib : exit.obj (.text)
                  000010c8    00000040                                   : u_divt2.obj (.text)
                  00001108    00000038     driverlib.lib : sysctl.obj (.text:SysCtlPeripheralPresent)
                  00001140    00000034                   : sysctl.obj (.text:SysCtlPeripheralEnable)
                  00001174    0000002a                   : gpio.obj (.text:GPIODirModeSet)
                  0000119e    00000022                   : pwm.obj (.text:PWMGenConfigure)
                  000011c0    00000020                   : uart.obj (.text:UARTDisable)
                  000011e0    0000001e                   : pwm.obj (.text:PWMPulseWidthSet)
                  000011fe    00000002     --HOLE-- [fill = 0]
                  00001200    00000018     rtsv7M4_T_le_v4SPD16_eabi.lib : args_main.obj (.text)
                  00001218    00000014     driverlib.lib : sysctl.obj (.text:SysCtlPWMClockSet)
                  0000122c    00000014                   : uart.obj (.text:UARTEnable)
                  00001240    00000014     rtsv7M4_T_le_v4SPD16_eabi.lib : _lock.obj (.text)
                  00001254    00000012     driverlib.lib : gpio.obj (.text:GPIOPinTypePWM)
                  00001266    00000012                   : gpio.obj (.text:GPIOPinTypeUART)
                  00001278    00000012                   : pwm.obj (.text:PWMGenPeriodGet)
                  0000128a    00000012                   : pwm.obj (.text:PWMOutputInvert)
                  0000129c    00000012                   : pwm.obj (.text:PWMOutputState)
                  000012ae    00000010                   : pwm.obj (.text:PWMGenPeriodSet)
                  000012be    0000000e     rtsv7M4_T_le_v4SPD16_eabi.lib : copy_decompress_none.obj (.text:decompress:none)
                  000012cc    0000000c     driverlib.lib : pwm.obj (.text:PWMGenEnable)
                  000012d8    0000000c     tm4c123gh6pm_startup_ccs.obj (.text)
                  000012e4    0000000a     driverlib.lib : uart.obj (.text:UARTCharGet)
                  000012ee    0000000a                   : uart.obj (.text:UARTCharPut)
                  000012f8    00000006                   : gpio.obj (.text:GPIOPinRead)
                  000012fe    00000006                   : sysctl.obj (.text:SysCtlDelay)
                  00001304    00000006                   : uart.obj (.text:UARTClockSourceSet)
                  0000130a    00000006     rtsv7M4_T_le_v4SPD16_eabi.lib : copy_decompress_rle.obj (.text:decompress:rle24)
                  00001310    00000004                                   : pre_init.obj (.text)

.const     0    00001314    000000be     
                  00001314    00000090     driverlib.lib : gpio.obj (.const:g_pui32GPIOBaseAddrs)
                  000013a4    0000001c     uartstdio.obj (.const)
                  000013c0    00000012     uartstdio.obj (.const:.string)

.cinit     0    000013d8    00000020     
                  000013d8    0000000f     (.cinit..data.load) [load image, compression = rle]
                  000013e7    00000001     --HOLE-- [fill = 0]
                  000013e8    00000008     (__TI_handler_table)
                  000013f0    00000008     (__TI_cinit_table)

.init_array 
*          0    00000000    00000000     UNINITIALIZED

.stack     0    20000000    00000200     UNINITIALIZED
                  20000000    00000200     --HOLE--

.data      0    20000200    0000001c     UNINITIALIZED
                  20000200    00000008     rtsv7M4_T_le_v4SPD16_eabi.lib : _lock.obj (.data)
                  20000208    00000008                                   : exit.obj (.data)
                  20000210    00000005     uartstdio.obj (.data)
                  20000215    00000003     --HOLE--
                  20000218    00000004     rtsv7M4_T_le_v4SPD16_eabi.lib : stkdepth_vars.obj (.data)

.TI.persistent 
*          0    20000200    00000000     UNINITIALIZED


LINKER GENERATED COPY TABLES

__TI_cinit_table @ 000013f0 records: 1, size/record: 8, table size: 8
	.data: load addr=000013d8, load size=0000000f bytes, run addr=20000200, run size=0000001c bytes, compression=rle


LINKER GENERATED HANDLER TABLE

__TI_handler_table @ 000013e8 records: 2, size/record: 4, table size: 8
	index: 0, handler: __TI_decompress_rle24
	index: 1, handler: __TI_decompress_none


GLOBAL SYMBOLS: SORTED ALPHABETICALLY BY Name 

address   name                    
-------   ----                    
00000c93  ButtonRead              
00000c55  Button_init             
00001085  C$$EXIT                 
00001175  GPIODirModeSet          
00000a2d  GPIOPadConfigSet        
00000ff5  GPIOPinConfigure        
000012f9  GPIOPinRead             
00001255  GPIOPinTypePWM          
00001267  GPIOPinTypeUART         
00000709  LED_init                
0000119f  PWMGenConfigure         
000012cd  PWMGenEnable            
00001279  PWMGenPeriodGet         
000012af  PWMGenPeriodSet         
0000128b  PWMOutputInvert         
0000129d  PWMOutputState          
000011e1  PWMPulseWidthSet        
000012d9  ResetISR                
UNDEFED   SHT$$INIT_ARRAY$$Base   
UNDEFED   SHT$$INIT_ARRAY$$Limit  
00000b61  SysCtlClockSet          
000012ff  SysCtlDelay             
00001219  SysCtlPWMClockSet       
00001141  SysCtlPeripheralEnable  
00001109  SysCtlPeripheralPresent 
000012e5  UARTCharGet             
000012ef  UARTCharPut             
00001305  UARTClockSourceSet      
0000103d  UARTConfigSetExpClk     
000011c1  UARTDisable             
0000122d  UARTEnable              
0000026d  UARTStdioConfig         
000003b3  UARTgetc                
000002f9  UARTgets                
000006d3  UARTprintf              
000003d9  UARTvprintf             
000002b3  UARTwrite               
20000200  __STACK_END             
00000200  __STACK_SIZE            
20000200  __STACK_TOP             
000013f0  __TI_CINIT_Base         
000013f8  __TI_CINIT_Limit        
000013e8  __TI_Handler_Table_Base 
000013f0  __TI_Handler_Table_Limit
00000e35  __TI_auto_init          
20000208  __TI_cleanup_ptr        
000012bf  __TI_decompress_none    
0000130b  __TI_decompress_rle24   
2000020c  __TI_dtors_ptr          
00000000  __TI_static_base__      
00000b5f  __aeabi_idiv0           
00000db9  __aeabi_memclr          
00000db9  __aeabi_memclr4         
00000db9  __aeabi_memclr8         
00000d1d  __aeabi_memcpy          
00000d1d  __aeabi_memcpy4         
00000d1d  __aeabi_memcpy8         
00000dbb  __aeabi_memset          
00000dbb  __aeabi_memset4         
00000dbb  __aeabi_memset8         
000010c9  __aeabi_uidiv           
000010c9  __aeabi_uidivmod        
ffffffff  __binit__               
ffffffff  __c_args__              
20000000  __stack                 
00001201  _args_main              
00000f0d  _c_int00                
20000200  _lock                   
0000124f  _nop                    
00001247  _register_lock          
00001241  _register_unlock        
00001311  _system_pre_init        
20000204  _unlock                 
00001089  abort                   
ffffffff  binit                   
00000f5d  configureUART           
00000fa9  copy_in                 
00001091  exit                    
00000000  g_pfnVectors            
000008b1  main                    
20000218  main_func_sp            
00000d1d  memcpy                  
00000dc1  memset                  
000007ed  setLedDuty              
00000855  setRGB                  


GLOBAL SYMBOLS: SORTED BY Symbol Address 

address   name                    
-------   ----                    
00000000  __TI_static_base__      
00000000  g_pfnVectors            
00000200  __STACK_SIZE            
0000026d  UARTStdioConfig         
000002b3  UARTwrite               
000002f9  UARTgets                
000003b3  UARTgetc                
000003d9  UARTvprintf             
000006d3  UARTprintf              
00000709  LED_init                
000007ed  setLedDuty              
00000855  setRGB                  
000008b1  main                    
00000a2d  GPIOPadConfigSet        
00000b5f  __aeabi_idiv0           
00000b61  SysCtlClockSet          
00000c55  Button_init             
00000c93  ButtonRead              
00000d1d  __aeabi_memcpy          
00000d1d  __aeabi_memcpy4         
00000d1d  __aeabi_memcpy8         
00000d1d  memcpy                  
00000db9  __aeabi_memclr          
00000db9  __aeabi_memclr4         
00000db9  __aeabi_memclr8         
00000dbb  __aeabi_memset          
00000dbb  __aeabi_memset4         
00000dbb  __aeabi_memset8         
00000dc1  memset                  
00000e35  __TI_auto_init          
00000f0d  _c_int00                
00000f5d  configureUART           
00000fa9  copy_in                 
00000ff5  GPIOPinConfigure        
0000103d  UARTConfigSetExpClk     
00001085  C$$EXIT                 
00001089  abort                   
00001091  exit                    
000010c9  __aeabi_uidiv           
000010c9  __aeabi_uidivmod        
00001109  SysCtlPeripheralPresent 
00001141  SysCtlPeripheralEnable  
00001175  GPIODirModeSet          
0000119f  PWMGenConfigure         
000011c1  UARTDisable             
000011e1  PWMPulseWidthSet        
00001201  _args_main              
00001219  SysCtlPWMClockSet       
0000122d  UARTEnable              
00001241  _register_unlock        
00001247  _register_lock          
0000124f  _nop                    
00001255  GPIOPinTypePWM          
00001267  GPIOPinTypeUART         
00001279  PWMGenPeriodGet         
0000128b  PWMOutputInvert         
0000129d  PWMOutputState          
000012af  PWMGenPeriodSet         
000012bf  __TI_decompress_none    
000012cd  PWMGenEnable            
000012d9  ResetISR                
000012e5  UARTCharGet             
000012ef  UARTCharPut             
000012f9  GPIOPinRead             
000012ff  SysCtlDelay             
00001305  UARTClockSourceSet      
0000130b  __TI_decompress_rle24   
00001311  _system_pre_init        
000013e8  __TI_Handler_Table_Base 
000013f0  __TI_CINIT_Base         
000013f0  __TI_Handler_Table_Limit
000013f8  __TI_CINIT_Limit        
20000000  __stack                 
20000200  __STACK_END             
20000200  __STACK_TOP             
20000200  _lock                   
20000204  _unlock                 
20000208  __TI_cleanup_ptr        
2000020c  __TI_dtors_ptr          
20000218  main_func_sp            
ffffffff  __binit__               
ffffffff  __c_args__              
ffffffff  binit                   
UNDEFED   SHT$$INIT_ARRAY$$Base   
UNDEFED   SHT$$INIT_ARRAY$$Limit  

[85 symbols]
