<?xml version="1.0"?>
<link_info>
   <banner>TI ARM Linker PC v5.2.7</banner>
   <copyright>Copyright (c) 1996-2015 Texas Instruments Incorporated</copyright>
   <link_time>0x57378ab5</link_time>
   <link_errors>0x0</link_errors>
   <output_file>PWM_Test.out</output_file>
   <entry_point>
      <name>_c_int00</name>
      <address>0x945</address>
   </entry_point>
   <input_file_list>
      <input_file id="fl-2">
         <path>.\</path>
         <kind>object</kind>
         <file>PWM_RGB.obj</file>
         <name>PWM_RGB.obj</name>
      </input_file>
      <input_file id="fl-3">
         <path>.\</path>
         <kind>object</kind>
         <file>main.obj</file>
         <name>main.obj</name>
      </input_file>
      <input_file id="fl-4">
         <path>.\</path>
         <kind>object</kind>
         <file>tm4c123gh6pm_startup_ccs.obj</file>
         <name>tm4c123gh6pm_startup_ccs.obj</name>
      </input_file>
      <input_file id="fl-12b">
         <path>C:\ti\ccsv6\tools\compiler\ti-cgt-arm_5.2.7\lib\</path>
         <kind>archive</kind>
         <file>rtsv7M4_T_le_v4SPD16_eabi.lib</file>
         <name>boot.obj</name>
      </input_file>
      <input_file id="fl-12c">
         <path>C:\ti\ccsv6\tools\compiler\ti-cgt-arm_5.2.7\lib\</path>
         <kind>archive</kind>
         <file>rtsv7M4_T_le_v4SPD16_eabi.lib</file>
         <name>copy_decompress_none.obj</name>
      </input_file>
      <input_file id="fl-12d">
         <path>C:\ti\ccsv6\tools\compiler\ti-cgt-arm_5.2.7\lib\</path>
         <kind>archive</kind>
         <file>rtsv7M4_T_le_v4SPD16_eabi.lib</file>
         <name>copy_decompress_rle.obj</name>
      </input_file>
      <input_file id="fl-12e">
         <path>C:\ti\ccsv6\tools\compiler\ti-cgt-arm_5.2.7\lib\</path>
         <kind>archive</kind>
         <file>rtsv7M4_T_le_v4SPD16_eabi.lib</file>
         <name>copy_zero_init.obj</name>
      </input_file>
      <input_file id="fl-12f">
         <path>C:\ti\ccsv6\tools\compiler\ti-cgt-arm_5.2.7\lib\</path>
         <kind>archive</kind>
         <file>rtsv7M4_T_le_v4SPD16_eabi.lib</file>
         <name>exit.obj</name>
      </input_file>
      <input_file id="fl-130">
         <path>C:\ti\ccsv6\tools\compiler\ti-cgt-arm_5.2.7\lib\</path>
         <kind>archive</kind>
         <file>rtsv7M4_T_le_v4SPD16_eabi.lib</file>
         <name>memcpy_t2.obj</name>
      </input_file>
      <input_file id="fl-131">
         <path>C:\ti\ccsv6\tools\compiler\ti-cgt-arm_5.2.7\lib\</path>
         <kind>archive</kind>
         <file>rtsv7M4_T_le_v4SPD16_eabi.lib</file>
         <name>memset_t2.obj</name>
      </input_file>
      <input_file id="fl-132">
         <path>C:\ti\ccsv6\tools\compiler\ti-cgt-arm_5.2.7\lib\</path>
         <kind>archive</kind>
         <file>rtsv7M4_T_le_v4SPD16_eabi.lib</file>
         <name>pre_init.obj</name>
      </input_file>
      <input_file id="fl-133">
         <path>C:\ti\ccsv6\tools\compiler\ti-cgt-arm_5.2.7\lib\</path>
         <kind>archive</kind>
         <file>rtsv7M4_T_le_v4SPD16_eabi.lib</file>
         <name>stkdepth_vars.obj</name>
      </input_file>
      <input_file id="fl-134">
         <path>C:\ti\ccsv6\tools\compiler\ti-cgt-arm_5.2.7\lib\</path>
         <kind>archive</kind>
         <file>rtsv7M4_T_le_v4SPD16_eabi.lib</file>
         <name>_lock.obj</name>
      </input_file>
      <input_file id="fl-135">
         <path>C:\ti\ccsv6\tools\compiler\ti-cgt-arm_5.2.7\lib\</path>
         <kind>archive</kind>
         <file>rtsv7M4_T_le_v4SPD16_eabi.lib</file>
         <name>args_main.obj</name>
      </input_file>
      <input_file id="fl-136">
         <path>C:\ti\ccsv6\tools\compiler\ti-cgt-arm_5.2.7\lib\</path>
         <kind>archive</kind>
         <file>rtsv7M4_T_le_v4SPD16_eabi.lib</file>
         <name>autoinit.obj</name>
      </input_file>
      <input_file id="fl-137">
         <path>C:\ti\ccsv6\tools\compiler\ti-cgt-arm_5.2.7\lib\</path>
         <kind>archive</kind>
         <file>rtsv7M4_T_le_v4SPD16_eabi.lib</file>
         <name>cpy_tbl.obj</name>
      </input_file>
      <input_file id="fl-138">
         <path>C:\ti\TivaWare_C_Series-2.1.2.111\driverlib\ccs\Debug\</path>
         <kind>archive</kind>
         <file>driverlib.lib</file>
         <name>gpio.obj</name>
      </input_file>
      <input_file id="fl-139">
         <path>C:\ti\TivaWare_C_Series-2.1.2.111\driverlib\ccs\Debug\</path>
         <kind>archive</kind>
         <file>driverlib.lib</file>
         <name>interrupt.obj</name>
      </input_file>
      <input_file id="fl-13a">
         <path>C:\ti\TivaWare_C_Series-2.1.2.111\driverlib\ccs\Debug\</path>
         <kind>archive</kind>
         <file>driverlib.lib</file>
         <name>pwm.obj</name>
      </input_file>
      <input_file id="fl-13b">
         <path>C:\ti\TivaWare_C_Series-2.1.2.111\driverlib\ccs\Debug\</path>
         <kind>archive</kind>
         <file>driverlib.lib</file>
         <name>sysctl.obj</name>
      </input_file>
      <input_file id="fl-13c">
         <path>C:\ti\TivaWare_C_Series-2.1.2.111\driverlib\ccs\Debug\</path>
         <kind>archive</kind>
         <file>driverlib.lib</file>
         <name>cpu.obj</name>
      </input_file>
   </input_file_list>
   <object_component_list>
      <object_component id="oc-f">
         <name>.intvecs</name>
         <load_address>0x0</load_address>
         <run_address>0x0</run_address>
         <size>0x26c</size>
         <input_file_ref idref="fl-4"/>
      </object_component>
      <object_component id="oc-c9">
         <name>.text</name>
         <load_address>0x26c</load_address>
         <run_address>0x26c</run_address>
         <size>0x1a8</size>
         <input_file_ref idref="fl-2"/>
      </object_component>
      <object_component id="oc-14e">
         <name>.text:GPIOPadConfigSet</name>
         <load_address>0x414</load_address>
         <run_address>0x414</run_address>
         <size>0x132</size>
         <input_file_ref idref="fl-138"/>
      </object_component>
      <object_component id="oc-9d">
         <name>.text</name>
         <load_address>0x548</load_address>
         <run_address>0x548</run_address>
         <size>0x118</size>
         <input_file_ref idref="fl-3"/>
      </object_component>
      <object_component id="oc-c3">
         <name>.text:SysCtlClockSet</name>
         <load_address>0x660</load_address>
         <run_address>0x660</run_address>
         <size>0xf4</size>
         <input_file_ref idref="fl-13b"/>
      </object_component>
      <object_component id="oc-33">
         <name>.text</name>
         <load_address>0x754</load_address>
         <run_address>0x754</run_address>
         <size>0x9c</size>
         <input_file_ref idref="fl-130"/>
      </object_component>
      <object_component id="oc-4c">
         <name>.text</name>
         <load_address>0x7f0</load_address>
         <run_address>0x7f0</run_address>
         <size>0x7a</size>
         <input_file_ref idref="fl-131"/>
      </object_component>
      <object_component id="oc-5e">
         <name>.text</name>
         <load_address>0x86c</load_address>
         <run_address>0x86c</run_address>
         <size>0x6c</size>
         <input_file_ref idref="fl-136"/>
      </object_component>
      <object_component id="oc-3f">
         <name>.text</name>
         <load_address>0x8d8</load_address>
         <run_address>0x8d8</run_address>
         <size>0x6a</size>
         <input_file_ref idref="fl-12d"/>
      </object_component>
      <object_component id="oc-24">
         <name>.text</name>
         <load_address>0x944</load_address>
         <run_address>0x944</run_address>
         <size>0x50</size>
         <input_file_ref idref="fl-12b"/>
      </object_component>
      <object_component id="oc-95">
         <name>.text</name>
         <load_address>0x994</load_address>
         <run_address>0x994</run_address>
         <size>0x4c</size>
         <input_file_ref idref="fl-137"/>
      </object_component>
      <object_component id="oc-fb">
         <name>.text:GPIOPinConfigure</name>
         <load_address>0x9e0</load_address>
         <run_address>0x9e0</run_address>
         <size>0x48</size>
         <input_file_ref idref="fl-138"/>
      </object_component>
      <object_component id="oc-6a">
         <name>.text</name>
         <load_address>0xa28</load_address>
         <run_address>0xa28</run_address>
         <size>0x44</size>
         <input_file_ref idref="fl-12f"/>
      </object_component>
      <object_component id="oc-f5">
         <name>.text:SysCtlPeripheralEnable</name>
         <load_address>0xa6c</load_address>
         <run_address>0xa6c</run_address>
         <size>0x34</size>
         <input_file_ref idref="fl-13b"/>
      </object_component>
      <object_component id="oc-148">
         <name>.text:GPIODirModeSet</name>
         <load_address>0xaa0</load_address>
         <run_address>0xaa0</run_address>
         <size>0x2a</size>
         <input_file_ref idref="fl-138"/>
      </object_component>
      <object_component id="oc-107">
         <name>.text:PWMGenConfigure</name>
         <load_address>0xaca</load_address>
         <run_address>0xaca</run_address>
         <size>0x22</size>
         <input_file_ref idref="fl-13a"/>
      </object_component>
      <object_component id="oc-113">
         <name>.text:PWMPulseWidthSet</name>
         <load_address>0xaec</load_address>
         <run_address>0xaec</run_address>
         <size>0x1e</size>
         <input_file_ref idref="fl-13a"/>
      </object_component>
      <object_component id="oc-64">
         <name>.text</name>
         <load_address>0xb0c</load_address>
         <run_address>0xb0c</run_address>
         <size>0x18</size>
         <input_file_ref idref="fl-135"/>
      </object_component>
      <object_component id="oc-ef">
         <name>.text:SysCtlPWMClockSet</name>
         <load_address>0xb24</load_address>
         <run_address>0xb24</run_address>
         <size>0x14</size>
         <input_file_ref idref="fl-13b"/>
      </object_component>
      <object_component id="oc-d8">
         <name>.text</name>
         <load_address>0xb38</load_address>
         <run_address>0xb38</run_address>
         <size>0x14</size>
         <input_file_ref idref="fl-134"/>
      </object_component>
      <object_component id="oc-101">
         <name>.text:GPIOPinTypePWM</name>
         <load_address>0xb4c</load_address>
         <run_address>0xb4c</run_address>
         <size>0x12</size>
         <input_file_ref idref="fl-138"/>
      </object_component>
      <object_component id="oc-12b">
         <name>.text:PWMGenPeriodGet</name>
         <load_address>0xb5e</load_address>
         <run_address>0xb5e</run_address>
         <size>0x12</size>
         <input_file_ref idref="fl-13a"/>
      </object_component>
      <object_component id="oc-125">
         <name>.text:PWMOutputInvert</name>
         <load_address>0xb70</load_address>
         <run_address>0xb70</run_address>
         <size>0x12</size>
         <input_file_ref idref="fl-13a"/>
      </object_component>
      <object_component id="oc-119">
         <name>.text:PWMOutputState</name>
         <load_address>0xb82</load_address>
         <run_address>0xb82</run_address>
         <size>0x12</size>
         <input_file_ref idref="fl-13a"/>
      </object_component>
      <object_component id="oc-10d">
         <name>.text:PWMGenPeriodSet</name>
         <load_address>0xb94</load_address>
         <run_address>0xb94</run_address>
         <size>0x10</size>
         <input_file_ref idref="fl-13a"/>
      </object_component>
      <object_component id="oc-12">
         <name>.text:decompress:none</name>
         <load_address>0xba4</load_address>
         <run_address>0xba4</run_address>
         <size>0xe</size>
         <input_file_ref idref="fl-12c"/>
      </object_component>
      <object_component id="oc-11f">
         <name>.text:PWMGenEnable</name>
         <load_address>0xbb2</load_address>
         <run_address>0xbb2</run_address>
         <size>0xc</size>
         <input_file_ref idref="fl-13a"/>
      </object_component>
      <object_component id="oc-2a">
         <name>.text</name>
         <load_address>0xbbe</load_address>
         <run_address>0xbbe</run_address>
         <size>0xc</size>
         <input_file_ref idref="fl-4"/>
      </object_component>
      <object_component id="oc-cf">
         <name>.text:SysCtlDelay</name>
         <load_address>0xbca</load_address>
         <run_address>0xbca</run_address>
         <size>0x6</size>
         <input_file_ref idref="fl-13b"/>
      </object_component>
      <object_component id="oc-18">
         <name>.text:decompress:rle24</name>
         <load_address>0xbd0</load_address>
         <run_address>0xbd0</run_address>
         <size>0x6</size>
         <input_file_ref idref="fl-12d"/>
      </object_component>
      <object_component id="oc-58">
         <name>.text</name>
         <load_address>0xbd6</load_address>
         <run_address>0xbd6</run_address>
         <size>0x4</size>
         <input_file_ref idref="fl-132"/>
      </object_component>
      <object_component id="oc-143">
         <name>.const:g_pui32GPIOBaseAddrs</name>
         <load_address>0xbdc</load_address>
         <run_address>0xbdc</run_address>
         <size>0x90</size>
         <input_file_ref idref="fl-138"/>
      </object_component>
      <object_component id="oc-188">
         <name>.cinit..data.load</name>
         <load_address>0xc70</load_address>
         <run_address>0xc70</run_address>
         <size>0xf</size>
      </object_component>
      <object_component id="oc-186">
         <name>__TI_handler_table</name>
         <load_address>0xc80</load_address>
         <run_address>0xc80</run_address>
         <size>0x8</size>
      </object_component>
      <object_component id="oc-187">
         <name>__TI_cinit_table</name>
         <load_address>0xc88</load_address>
         <run_address>0xc88</run_address>
         <size>0x8</size>
      </object_component>
      <object_component id="oc-29">
         <name>.stack</name>
         <uninitialized>true</uninitialized>
         <run_address>0x20000000</run_address>
         <size>0x0</size>
         <input_file_ref idref="fl-12b"/>
      </object_component>
      <object_component id="oc-189">
         <name>.stack</name>
         <uninitialized>true</uninitialized>
         <run_address>0x20000000</run_address>
         <size>0x0</size>
      </object_component>
      <object_component id="oc-a8">
         <name>.data</name>
         <load_address>0x20000208</load_address>
         <run_address>0x20000208</run_address>
         <size>0x8</size>
         <input_file_ref idref="fl-12f"/>
      </object_component>
      <object_component id="oc-70">
         <name>.data</name>
         <load_address>0x20000210</load_address>
         <run_address>0x20000210</run_address>
         <size>0x4</size>
         <input_file_ref idref="fl-133"/>
      </object_component>
      <object_component id="oc-a5">
         <name>.data</name>
         <load_address>0x20000200</load_address>
         <run_address>0x20000200</run_address>
         <size>0x8</size>
         <input_file_ref idref="fl-134"/>
      </object_component>
      <object_component id="oc-ca">
         <name>.debug_info</name>
         <load_address>0x0</load_address>
         <run_address>0x0</run_address>
         <size>0x4ef</size>
         <input_file_ref idref="fl-2"/>
      </object_component>
      <object_component id="oc-b0">
         <name>.debug_info</name>
         <load_address>0x4ef</load_address>
         <run_address>0x4ef</run_address>
         <size>0x8b</size>
         <input_file_ref idref="fl-2"/>
      </object_component>
      <object_component id="oc-7c">
         <name>.debug_info</name>
         <load_address>0x57a</load_address>
         <run_address>0x57a</run_address>
         <size>0x18b</size>
         <input_file_ref idref="fl-2"/>
      </object_component>
      <object_component id="oc-132">
         <name>.debug_info</name>
         <load_address>0x705</load_address>
         <run_address>0x705</run_address>
         <size>0x55</size>
         <input_file_ref idref="fl-2"/>
      </object_component>
      <object_component id="oc-9e">
         <name>.debug_info</name>
         <load_address>0x75a</load_address>
         <run_address>0x75a</run_address>
         <size>0x19a</size>
         <input_file_ref idref="fl-3"/>
      </object_component>
      <object_component id="oc-77">
         <name>.debug_info</name>
         <load_address>0x8f4</load_address>
         <run_address>0x8f4</run_address>
         <size>0x84</size>
         <input_file_ref idref="fl-3"/>
      </object_component>
      <object_component id="oc-32">
         <name>.debug_info</name>
         <load_address>0x978</load_address>
         <run_address>0x978</run_address>
         <size>0xfa</size>
         <input_file_ref idref="fl-4"/>
      </object_component>
      <object_component id="oc-10">
         <name>.debug_info</name>
         <load_address>0xa72</load_address>
         <run_address>0xa72</run_address>
         <size>0xdf</size>
         <input_file_ref idref="fl-4"/>
      </object_component>
      <object_component id="oc-2b">
         <name>.debug_info</name>
         <load_address>0xb51</load_address>
         <run_address>0xb51</run_address>
         <size>0x25b</size>
         <input_file_ref idref="fl-4"/>
      </object_component>
      <object_component id="oc-27">
         <name>.debug_info</name>
         <load_address>0xdac</load_address>
         <run_address>0xdac</run_address>
         <size>0x169</size>
         <input_file_ref idref="fl-12b"/>
      </object_component>
      <object_component id="oc-3e">
         <name>.debug_info</name>
         <load_address>0xf15</load_address>
         <run_address>0xf15</run_address>
         <size>0x156</size>
         <input_file_ref idref="fl-12c"/>
      </object_component>
      <object_component id="oc-16">
         <name>.debug_info</name>
         <load_address>0x106b</load_address>
         <run_address>0x106b</run_address>
         <size>0x1f5</size>
         <input_file_ref idref="fl-12c"/>
      </object_component>
      <object_component id="oc-39">
         <name>.debug_info</name>
         <load_address>0x1260</load_address>
         <run_address>0x1260</run_address>
         <size>0x46</size>
         <input_file_ref idref="fl-12c"/>
      </object_component>
      <object_component id="oc-82">
         <name>.debug_info</name>
         <load_address>0x12a6</load_address>
         <run_address>0x12a6</run_address>
         <size>0x2c</size>
         <input_file_ref idref="fl-12c"/>
      </object_component>
      <object_component id="oc-46">
         <name>.debug_info</name>
         <load_address>0x12d2</load_address>
         <run_address>0x12d2</run_address>
         <size>0x14a</size>
         <input_file_ref idref="fl-12d"/>
      </object_component>
      <object_component id="oc-42">
         <name>.debug_info</name>
         <load_address>0x141c</load_address>
         <run_address>0x141c</run_address>
         <size>0x25d</size>
         <input_file_ref idref="fl-12d"/>
      </object_component>
      <object_component id="oc-1b">
         <name>.debug_info</name>
         <load_address>0x1679</load_address>
         <run_address>0x1679</run_address>
         <size>0x1c7</size>
         <input_file_ref idref="fl-12d"/>
      </object_component>
      <object_component id="oc-47">
         <name>.debug_info</name>
         <load_address>0x1840</load_address>
         <run_address>0x1840</run_address>
         <size>0x39</size>
         <input_file_ref idref="fl-12d"/>
      </object_component>
      <object_component id="oc-8c">
         <name>.debug_info</name>
         <load_address>0x1879</load_address>
         <run_address>0x1879</run_address>
         <size>0x2c</size>
         <input_file_ref idref="fl-12d"/>
      </object_component>
      <object_component id="oc-ac">
         <name>.debug_info</name>
         <load_address>0x18a5</load_address>
         <run_address>0x18a5</run_address>
         <size>0x1a7</size>
         <input_file_ref idref="fl-12f"/>
      </object_component>
      <object_component id="oc-a9">
         <name>.debug_info</name>
         <load_address>0x1a4c</load_address>
         <run_address>0x1a4c</run_address>
         <size>0x14c</size>
         <input_file_ref idref="fl-12f"/>
      </object_component>
      <object_component id="oc-6b">
         <name>.debug_info</name>
         <load_address>0x1b98</load_address>
         <run_address>0x1b98</run_address>
         <size>0x223</size>
         <input_file_ref idref="fl-12f"/>
      </object_component>
      <object_component id="oc-34">
         <name>.debug_info</name>
         <load_address>0x1dbb</load_address>
         <run_address>0x1dbb</run_address>
         <size>0x12b</size>
         <input_file_ref idref="fl-130"/>
      </object_component>
      <object_component id="oc-4e">
         <name>.debug_info</name>
         <load_address>0x1ee6</load_address>
         <run_address>0x1ee6</run_address>
         <size>0x159</size>
         <input_file_ref idref="fl-131"/>
      </object_component>
      <object_component id="oc-5b">
         <name>.debug_info</name>
         <load_address>0x203f</load_address>
         <run_address>0x203f</run_address>
         <size>0x15e</size>
         <input_file_ref idref="fl-132"/>
      </object_component>
      <object_component id="oc-71">
         <name>.debug_info</name>
         <load_address>0x219d</load_address>
         <run_address>0x219d</run_address>
         <size>0x11f</size>
         <input_file_ref idref="fl-133"/>
      </object_component>
      <object_component id="oc-e0">
         <name>.debug_info</name>
         <load_address>0x22bc</load_address>
         <run_address>0x22bc</run_address>
         <size>0x13a</size>
         <input_file_ref idref="fl-134"/>
      </object_component>
      <object_component id="oc-a6">
         <name>.debug_info</name>
         <load_address>0x23f6</load_address>
         <run_address>0x23f6</run_address>
         <size>0x129</size>
         <input_file_ref idref="fl-134"/>
      </object_component>
      <object_component id="oc-d9">
         <name>.debug_info</name>
         <load_address>0x251f</load_address>
         <run_address>0x251f</run_address>
         <size>0x235</size>
         <input_file_ref idref="fl-134"/>
      </object_component>
      <object_component id="oc-a4">
         <name>.debug_info</name>
         <load_address>0x2754</load_address>
         <run_address>0x2754</run_address>
         <size>0x17c</size>
         <input_file_ref idref="fl-135"/>
      </object_component>
      <object_component id="oc-66">
         <name>.debug_info</name>
         <load_address>0x28d0</load_address>
         <run_address>0x28d0</run_address>
         <size>0x17d</size>
         <input_file_ref idref="fl-135"/>
      </object_component>
      <object_component id="oc-d3">
         <name>.debug_info</name>
         <load_address>0x2a4d</load_address>
         <run_address>0x2a4d</run_address>
         <size>0x5e</size>
         <input_file_ref idref="fl-135"/>
      </object_component>
      <object_component id="oc-9c">
         <name>.debug_info</name>
         <load_address>0x2aab</load_address>
         <run_address>0x2aab</run_address>
         <size>0x2d3</size>
         <input_file_ref idref="fl-136"/>
      </object_component>
      <object_component id="oc-62">
         <name>.debug_info</name>
         <load_address>0x2d7e</load_address>
         <run_address>0x2d7e</run_address>
         <size>0x18d</size>
         <input_file_ref idref="fl-136"/>
      </object_component>
      <object_component id="oc-b9">
         <name>.debug_info</name>
         <load_address>0x2f0b</load_address>
         <run_address>0x2f0b</run_address>
         <size>0x39</size>
         <input_file_ref idref="fl-136"/>
      </object_component>
      <object_component id="oc-be">
         <name>.debug_info</name>
         <load_address>0x2f44</load_address>
         <run_address>0x2f44</run_address>
         <size>0xcd</size>
         <input_file_ref idref="fl-136"/>
      </object_component>
      <object_component id="oc-b6">
         <name>.debug_info</name>
         <load_address>0x3011</load_address>
         <run_address>0x3011</run_address>
         <size>0x1f6</size>
         <input_file_ref idref="fl-137"/>
      </object_component>
      <object_component id="oc-97">
         <name>.debug_info</name>
         <load_address>0x3207</load_address>
         <run_address>0x3207</run_address>
         <size>0x199</size>
         <input_file_ref idref="fl-137"/>
      </object_component>
      <object_component id="oc-e8">
         <name>.debug_info</name>
         <load_address>0x33a0</load_address>
         <run_address>0x33a0</run_address>
         <size>0x2c</size>
         <input_file_ref idref="fl-137"/>
      </object_component>
      <object_component id="oc-147">
         <name>.debug_info</name>
         <load_address>0x33cc</load_address>
         <run_address>0x33cc</run_address>
         <size>0x230</size>
         <input_file_ref idref="fl-138"/>
      </object_component>
      <object_component id="oc-144">
         <name>.debug_info</name>
         <load_address>0x35fc</load_address>
         <run_address>0x35fc</run_address>
         <size>0x15b</size>
         <input_file_ref idref="fl-138"/>
      </object_component>
      <object_component id="oc-149">
         <name>.debug_info</name>
         <load_address>0x3757</load_address>
         <run_address>0x3757</run_address>
         <size>0x2b3</size>
         <input_file_ref idref="fl-138"/>
      </object_component>
      <object_component id="oc-14f">
         <name>.debug_info</name>
         <load_address>0x3a0a</load_address>
         <run_address>0x3a0a</run_address>
         <size>0x316</size>
         <input_file_ref idref="fl-138"/>
      </object_component>
      <object_component id="oc-102">
         <name>.debug_info</name>
         <load_address>0x3d20</load_address>
         <run_address>0x3d20</run_address>
         <size>0x279</size>
         <input_file_ref idref="fl-138"/>
      </object_component>
      <object_component id="oc-fc">
         <name>.debug_info</name>
         <load_address>0x3f99</load_address>
         <run_address>0x3f99</run_address>
         <size>0x280</size>
         <input_file_ref idref="fl-138"/>
      </object_component>
      <object_component id="oc-156">
         <name>.debug_info</name>
         <load_address>0x4219</load_address>
         <run_address>0x4219</run_address>
         <size>0x1ed</size>
         <input_file_ref idref="fl-13a"/>
      </object_component>
      <object_component id="oc-117">
         <name>.debug_info</name>
         <load_address>0x4406</load_address>
         <run_address>0x4406</run_address>
         <size>0x2f6</size>
         <input_file_ref idref="fl-13a"/>
      </object_component>
      <object_component id="oc-11d">
         <name>.debug_info</name>
         <load_address>0x46fc</load_address>
         <run_address>0x46fc</run_address>
         <size>0x2c4</size>
         <input_file_ref idref="fl-13a"/>
      </object_component>
      <object_component id="oc-129">
         <name>.debug_info</name>
         <load_address>0x49c0</load_address>
         <run_address>0x49c0</run_address>
         <size>0x2c6</size>
         <input_file_ref idref="fl-13a"/>
      </object_component>
      <object_component id="oc-111">
         <name>.debug_info</name>
         <load_address>0x4c86</load_address>
         <run_address>0x4c86</run_address>
         <size>0x2b6</size>
         <input_file_ref idref="fl-13a"/>
      </object_component>
      <object_component id="oc-12f">
         <name>.debug_info</name>
         <load_address>0x4f3c</load_address>
         <run_address>0x4f3c</run_address>
         <size>0x280</size>
         <input_file_ref idref="fl-13a"/>
      </object_component>
      <object_component id="oc-123">
         <name>.debug_info</name>
         <load_address>0x51bc</load_address>
         <run_address>0x51bc</run_address>
         <size>0x276</size>
         <input_file_ref idref="fl-13a"/>
      </object_component>
      <object_component id="oc-10b">
         <name>.debug_info</name>
         <load_address>0x5432</load_address>
         <run_address>0x5432</run_address>
         <size>0x2b3</size>
         <input_file_ref idref="fl-13a"/>
      </object_component>
      <object_component id="oc-ee">
         <name>.debug_info</name>
         <load_address>0x56e5</load_address>
         <run_address>0x56e5</run_address>
         <size>0x27f</size>
         <input_file_ref idref="fl-13b"/>
      </object_component>
      <object_component id="oc-f7">
         <name>.debug_info</name>
         <load_address>0x5964</load_address>
         <run_address>0x5964</run_address>
         <size>0x27d</size>
         <input_file_ref idref="fl-13b"/>
      </object_component>
      <object_component id="oc-f1">
         <name>.debug_info</name>
         <load_address>0x5be1</load_address>
         <run_address>0x5be1</run_address>
         <size>0x263</size>
         <input_file_ref idref="fl-13b"/>
      </object_component>
      <object_component id="oc-c5">
         <name>.debug_info</name>
         <load_address>0x5e44</load_address>
         <run_address>0x5e44</run_address>
         <size>0x2db</size>
         <input_file_ref idref="fl-13b"/>
      </object_component>
      <object_component id="oc-13c">
         <name>.debug_info</name>
         <load_address>0x611f</load_address>
         <run_address>0x611f</run_address>
         <size>0x5f</size>
         <input_file_ref idref="fl-13b"/>
      </object_component>
      <object_component id="oc-18a">
         <name>.debug_info</name>
         <load_address>0x617e</load_address>
         <run_address>0x617e</run_address>
         <size>0x99</size>
      </object_component>
      <object_component id="oc-ce">
         <name>.debug_line</name>
         <load_address>0x0</load_address>
         <run_address>0x0</run_address>
         <size>0xda</size>
         <input_file_ref idref="fl-2"/>
      </object_component>
      <object_component id="oc-b3">
         <name>.debug_line</name>
         <load_address>0xda</load_address>
         <run_address>0xda</run_address>
         <size>0x20</size>
         <input_file_ref idref="fl-2"/>
      </object_component>
      <object_component id="oc-7f">
         <name>.debug_line</name>
         <load_address>0xfa</load_address>
         <run_address>0xfa</run_address>
         <size>0x60</size>
         <input_file_ref idref="fl-2"/>
      </object_component>
      <object_component id="oc-135">
         <name>.debug_line</name>
         <load_address>0x15a</load_address>
         <run_address>0x15a</run_address>
         <size>0x30</size>
         <input_file_ref idref="fl-2"/>
      </object_component>
      <object_component id="oc-a2">
         <name>.debug_line</name>
         <load_address>0x18a</load_address>
         <run_address>0x18a</run_address>
         <size>0xa4</size>
         <input_file_ref idref="fl-3"/>
      </object_component>
      <object_component id="oc-7a">
         <name>.debug_line</name>
         <load_address>0x22e</load_address>
         <run_address>0x22e</run_address>
         <size>0x20</size>
         <input_file_ref idref="fl-3"/>
      </object_component>
      <object_component id="oc-76">
         <name>.debug_line</name>
         <load_address>0x24e</load_address>
         <run_address>0x24e</run_address>
         <size>0x41</size>
         <input_file_ref idref="fl-4"/>
      </object_component>
      <object_component id="oc-31">
         <name>.debug_line</name>
         <load_address>0x28f</load_address>
         <run_address>0x28f</run_address>
         <size>0x41</size>
         <input_file_ref idref="fl-4"/>
      </object_component>
      <object_component id="oc-2e">
         <name>.debug_line</name>
         <load_address>0x2d0</load_address>
         <run_address>0x2d0</run_address>
         <size>0xa1</size>
         <input_file_ref idref="fl-4"/>
      </object_component>
      <object_component id="oc-25">
         <name>.debug_line</name>
         <load_address>0x371</load_address>
         <run_address>0x371</run_address>
         <size>0x52</size>
         <input_file_ref idref="fl-12b"/>
      </object_component>
      <object_component id="oc-88">
         <name>.debug_line</name>
         <load_address>0x3c3</load_address>
         <run_address>0x3c3</run_address>
         <size>0xa5</size>
         <input_file_ref idref="fl-12c"/>
      </object_component>
      <object_component id="oc-15">
         <name>.debug_line</name>
         <load_address>0x468</load_address>
         <run_address>0x468</run_address>
         <size>0x55</size>
         <input_file_ref idref="fl-12c"/>
      </object_component>
      <object_component id="oc-3c">
         <name>.debug_line</name>
         <load_address>0x4bd</load_address>
         <run_address>0x4bd</run_address>
         <size>0x3a</size>
         <input_file_ref idref="fl-12c"/>
      </object_component>
      <object_component id="oc-85">
         <name>.debug_line</name>
         <load_address>0x4f7</load_address>
         <run_address>0x4f7</run_address>
         <size>0xa5</size>
         <input_file_ref idref="fl-12c"/>
      </object_component>
      <object_component id="oc-8b">
         <name>.debug_line</name>
         <load_address>0x59c</load_address>
         <run_address>0x59c</run_address>
         <size>0xa5</size>
         <input_file_ref idref="fl-12d"/>
      </object_component>
      <object_component id="oc-40">
         <name>.debug_line</name>
         <load_address>0x641</load_address>
         <run_address>0x641</run_address>
         <size>0x98</size>
         <input_file_ref idref="fl-12d"/>
      </object_component>
      <object_component id="oc-19">
         <name>.debug_line</name>
         <load_address>0x6d9</load_address>
         <run_address>0x6d9</run_address>
         <size>0x4b</size>
         <input_file_ref idref="fl-12d"/>
      </object_component>
      <object_component id="oc-4a">
         <name>.debug_line</name>
         <load_address>0x724</load_address>
         <run_address>0x724</run_address>
         <size>0x39</size>
         <input_file_ref idref="fl-12d"/>
      </object_component>
      <object_component id="oc-8f">
         <name>.debug_line</name>
         <load_address>0x75d</load_address>
         <run_address>0x75d</run_address>
         <size>0xa5</size>
         <input_file_ref idref="fl-12d"/>
      </object_component>
      <object_component id="oc-e5">
         <name>.debug_line</name>
         <load_address>0x802</load_address>
         <run_address>0x802</run_address>
         <size>0xa4</size>
         <input_file_ref idref="fl-12f"/>
      </object_component>
      <object_component id="oc-e3">
         <name>.debug_line</name>
         <load_address>0x8a6</load_address>
         <run_address>0x8a6</run_address>
         <size>0x2a</size>
         <input_file_ref idref="fl-12f"/>
      </object_component>
      <object_component id="oc-6f">
         <name>.debug_line</name>
         <load_address>0x8d0</load_address>
         <run_address>0x8d0</run_address>
         <size>0x7a</size>
         <input_file_ref idref="fl-12f"/>
      </object_component>
      <object_component id="oc-37">
         <name>.debug_line</name>
         <load_address>0x94a</load_address>
         <run_address>0x94a</run_address>
         <size>0x88</size>
         <input_file_ref idref="fl-130"/>
      </object_component>
      <object_component id="oc-50">
         <name>.debug_line</name>
         <load_address>0x9d2</load_address>
         <run_address>0x9d2</run_address>
         <size>0x79</size>
         <input_file_ref idref="fl-131"/>
      </object_component>
      <object_component id="oc-5d">
         <name>.debug_line</name>
         <load_address>0xa4b</load_address>
         <run_address>0xa4b</run_address>
         <size>0x40</size>
         <input_file_ref idref="fl-132"/>
      </object_component>
      <object_component id="oc-af">
         <name>.debug_line</name>
         <load_address>0xa8b</load_address>
         <run_address>0xa8b</run_address>
         <size>0x33</size>
         <input_file_ref idref="fl-133"/>
      </object_component>
      <object_component id="oc-139">
         <name>.debug_line</name>
         <load_address>0xabe</load_address>
         <run_address>0xabe</run_address>
         <size>0x20</size>
         <input_file_ref idref="fl-134"/>
      </object_component>
      <object_component id="oc-df">
         <name>.debug_line</name>
         <load_address>0xade</load_address>
         <run_address>0xade</run_address>
         <size>0x2b</size>
         <input_file_ref idref="fl-134"/>
      </object_component>
      <object_component id="oc-dc">
         <name>.debug_line</name>
         <load_address>0xb09</load_address>
         <run_address>0xb09</run_address>
         <size>0x68</size>
         <input_file_ref idref="fl-134"/>
      </object_component>
      <object_component id="oc-d2">
         <name>.debug_line</name>
         <load_address>0xb71</load_address>
         <run_address>0xb71</run_address>
         <size>0x2b</size>
         <input_file_ref idref="fl-135"/>
      </object_component>
      <object_component id="oc-68">
         <name>.debug_line</name>
         <load_address>0xb9c</load_address>
         <run_address>0xb9c</run_address>
         <size>0x50</size>
         <input_file_ref idref="fl-135"/>
      </object_component>
      <object_component id="oc-d6">
         <name>.debug_line</name>
         <load_address>0xbec</load_address>
         <run_address>0xbec</run_address>
         <size>0x2b</size>
         <input_file_ref idref="fl-135"/>
      </object_component>
      <object_component id="oc-b8">
         <name>.debug_line</name>
         <load_address>0xc17</load_address>
         <run_address>0xc17</run_address>
         <size>0xb4</size>
         <input_file_ref idref="fl-136"/>
      </object_component>
      <object_component id="oc-61">
         <name>.debug_line</name>
         <load_address>0xccb</load_address>
         <run_address>0xccb</run_address>
         <size>0x79</size>
         <input_file_ref idref="fl-136"/>
      </object_component>
      <object_component id="oc-bc">
         <name>.debug_line</name>
         <load_address>0xd44</load_address>
         <run_address>0xd44</run_address>
         <size>0x2e</size>
         <input_file_ref idref="fl-136"/>
      </object_component>
      <object_component id="oc-c1">
         <name>.debug_line</name>
         <load_address>0xd72</load_address>
         <run_address>0xd72</run_address>
         <size>0xa6</size>
         <input_file_ref idref="fl-136"/>
      </object_component>
      <object_component id="oc-e7">
         <name>.debug_line</name>
         <load_address>0xe18</load_address>
         <run_address>0xe18</run_address>
         <size>0xb3</size>
         <input_file_ref idref="fl-137"/>
      </object_component>
      <object_component id="oc-96">
         <name>.debug_line</name>
         <load_address>0xecb</load_address>
         <run_address>0xecb</run_address>
         <size>0x68</size>
         <input_file_ref idref="fl-137"/>
      </object_component>
      <object_component id="oc-eb">
         <name>.debug_line</name>
         <load_address>0xf33</load_address>
         <run_address>0xf33</run_address>
         <size>0x2e</size>
         <input_file_ref idref="fl-137"/>
      </object_component>
      <object_component id="oc-160">
         <name>.debug_line</name>
         <load_address>0xf61</load_address>
         <run_address>0xf61</run_address>
         <size>0x82</size>
         <input_file_ref idref="fl-138"/>
      </object_component>
      <object_component id="oc-15e">
         <name>.debug_line</name>
         <load_address>0xfe3</load_address>
         <run_address>0xfe3</run_address>
         <size>0x7d</size>
         <input_file_ref idref="fl-138"/>
      </object_component>
      <object_component id="oc-14c">
         <name>.debug_line</name>
         <load_address>0x1060</load_address>
         <run_address>0x1060</run_address>
         <size>0x95</size>
         <input_file_ref idref="fl-138"/>
      </object_component>
      <object_component id="oc-152">
         <name>.debug_line</name>
         <load_address>0x10f5</load_address>
         <run_address>0x10f5</run_address>
         <size>0xd1</size>
         <input_file_ref idref="fl-138"/>
      </object_component>
      <object_component id="oc-106">
         <name>.debug_line</name>
         <load_address>0x11c6</load_address>
         <run_address>0x11c6</run_address>
         <size>0x93</size>
         <input_file_ref idref="fl-138"/>
      </object_component>
      <object_component id="oc-100">
         <name>.debug_line</name>
         <load_address>0x1259</load_address>
         <run_address>0x1259</run_address>
         <size>0xa7</size>
         <input_file_ref idref="fl-138"/>
      </object_component>
      <object_component id="oc-164">
         <name>.debug_line</name>
         <load_address>0x1300</load_address>
         <run_address>0x1300</run_address>
         <size>0x82</size>
         <input_file_ref idref="fl-13a"/>
      </object_component>
      <object_component id="oc-114">
         <name>.debug_line</name>
         <load_address>0x1382</load_address>
         <run_address>0x1382</run_address>
         <size>0x9e</size>
         <input_file_ref idref="fl-13a"/>
      </object_component>
      <object_component id="oc-11a">
         <name>.debug_line</name>
         <load_address>0x1420</load_address>
         <run_address>0x1420</run_address>
         <size>0x95</size>
         <input_file_ref idref="fl-13a"/>
      </object_component>
      <object_component id="oc-126">
         <name>.debug_line</name>
         <load_address>0x14b5</load_address>
         <run_address>0x14b5</run_address>
         <size>0x95</size>
         <input_file_ref idref="fl-13a"/>
      </object_component>
      <object_component id="oc-10e">
         <name>.debug_line</name>
         <load_address>0x154a</load_address>
         <run_address>0x154a</run_address>
         <size>0x96</size>
         <input_file_ref idref="fl-13a"/>
      </object_component>
      <object_component id="oc-12c">
         <name>.debug_line</name>
         <load_address>0x15e0</load_address>
         <run_address>0x15e0</run_address>
         <size>0x94</size>
         <input_file_ref idref="fl-13a"/>
      </object_component>
      <object_component id="oc-120">
         <name>.debug_line</name>
         <load_address>0x1674</load_address>
         <run_address>0x1674</run_address>
         <size>0x91</size>
         <input_file_ref idref="fl-13a"/>
      </object_component>
      <object_component id="oc-108">
         <name>.debug_line</name>
         <load_address>0x1705</load_address>
         <run_address>0x1705</run_address>
         <size>0x9b</size>
         <input_file_ref idref="fl-13a"/>
      </object_component>
      <object_component id="oc-13b">
         <name>.debug_line</name>
         <load_address>0x17a0</load_address>
         <run_address>0x17a0</run_address>
         <size>0x13d</size>
         <input_file_ref idref="fl-13b"/>
      </object_component>
      <object_component id="oc-f9">
         <name>.debug_line</name>
         <load_address>0x18dd</load_address>
         <run_address>0x18dd</run_address>
         <size>0x94</size>
         <input_file_ref idref="fl-13b"/>
      </object_component>
      <object_component id="oc-f3">
         <name>.debug_line</name>
         <load_address>0x1971</load_address>
         <run_address>0x1971</run_address>
         <size>0x94</size>
         <input_file_ref idref="fl-13b"/>
      </object_component>
      <object_component id="oc-c7">
         <name>.debug_line</name>
         <load_address>0x1a05</load_address>
         <run_address>0x1a05</run_address>
         <size>0xee</size>
         <input_file_ref idref="fl-13b"/>
      </object_component>
      <object_component id="oc-13f">
         <name>.debug_line</name>
         <load_address>0x1af3</load_address>
         <run_address>0x1af3</run_address>
         <size>0x7f</size>
         <input_file_ref idref="fl-13b"/>
      </object_component>
      <object_component id="oc-cd">
         <name>.debug_frame</name>
         <load_address>0x0</load_address>
         <run_address>0x0</run_address>
         <size>0xc3</size>
         <input_file_ref idref="fl-2"/>
      </object_component>
      <object_component id="oc-a1">
         <name>.debug_frame</name>
         <load_address>0xc3</load_address>
         <run_address>0xc3</run_address>
         <size>0x88</size>
         <input_file_ref idref="fl-3"/>
      </object_component>
      <object_component id="oc-2f">
         <name>.debug_frame</name>
         <load_address>0x14b</load_address>
         <run_address>0x14b</run_address>
         <size>0xb2</size>
         <input_file_ref idref="fl-4"/>
      </object_component>
      <object_component id="oc-13">
         <name>.debug_frame</name>
         <load_address>0x1fd</load_address>
         <run_address>0x1fd</run_address>
         <size>0x7f</size>
         <input_file_ref idref="fl-12c"/>
      </object_component>
      <object_component id="oc-41">
         <name>.debug_frame</name>
         <load_address>0x27c</load_address>
         <run_address>0x27c</run_address>
         <size>0x8e</size>
         <input_file_ref idref="fl-12d"/>
      </object_component>
      <object_component id="oc-1a">
         <name>.debug_frame</name>
         <load_address>0x30a</load_address>
         <run_address>0x30a</run_address>
         <size>0x7f</size>
         <input_file_ref idref="fl-12d"/>
      </object_component>
      <object_component id="oc-6e">
         <name>.debug_frame</name>
         <load_address>0x389</load_address>
         <run_address>0x389</run_address>
         <size>0xb3</size>
         <input_file_ref idref="fl-12f"/>
      </object_component>
      <object_component id="oc-5a">
         <name>.debug_frame</name>
         <load_address>0x43c</load_address>
         <run_address>0x43c</run_address>
         <size>0x7f</size>
         <input_file_ref idref="fl-132"/>
      </object_component>
      <object_component id="oc-dd">
         <name>.debug_frame</name>
         <load_address>0x4bb</load_address>
         <run_address>0x4bb</run_address>
         <size>0xa1</size>
         <input_file_ref idref="fl-134"/>
      </object_component>
      <object_component id="oc-69">
         <name>.debug_frame</name>
         <load_address>0x55c</load_address>
         <run_address>0x55c</run_address>
         <size>0x7f</size>
         <input_file_ref idref="fl-135"/>
      </object_component>
      <object_component id="oc-60">
         <name>.debug_frame</name>
         <load_address>0x5db</load_address>
         <run_address>0x5db</run_address>
         <size>0x8a</size>
         <input_file_ref idref="fl-136"/>
      </object_component>
      <object_component id="oc-9a">
         <name>.debug_frame</name>
         <load_address>0x665</load_address>
         <run_address>0x665</run_address>
         <size>0x8e</size>
         <input_file_ref idref="fl-137"/>
      </object_component>
      <object_component id="oc-14d">
         <name>.debug_frame</name>
         <load_address>0x6f3</load_address>
         <run_address>0x6f3</run_address>
         <size>0x7f</size>
         <input_file_ref idref="fl-138"/>
      </object_component>
      <object_component id="oc-153">
         <name>.debug_frame</name>
         <load_address>0x772</load_address>
         <run_address>0x772</run_address>
         <size>0x8f</size>
         <input_file_ref idref="fl-138"/>
      </object_component>
      <object_component id="oc-105">
         <name>.debug_frame</name>
         <load_address>0x801</load_address>
         <run_address>0x801</run_address>
         <size>0x86</size>
         <input_file_ref idref="fl-138"/>
      </object_component>
      <object_component id="oc-ff">
         <name>.debug_frame</name>
         <load_address>0x887</load_address>
         <run_address>0x887</run_address>
         <size>0x86</size>
         <input_file_ref idref="fl-138"/>
      </object_component>
      <object_component id="oc-115">
         <name>.debug_frame</name>
         <load_address>0x90d</load_address>
         <run_address>0x90d</run_address>
         <size>0x7f</size>
         <input_file_ref idref="fl-13a"/>
      </object_component>
      <object_component id="oc-11b">
         <name>.debug_frame</name>
         <load_address>0x98c</load_address>
         <run_address>0x98c</run_address>
         <size>0x7f</size>
         <input_file_ref idref="fl-13a"/>
      </object_component>
      <object_component id="oc-127">
         <name>.debug_frame</name>
         <load_address>0xa0b</load_address>
         <run_address>0xa0b</run_address>
         <size>0x7f</size>
         <input_file_ref idref="fl-13a"/>
      </object_component>
      <object_component id="oc-10f">
         <name>.debug_frame</name>
         <load_address>0xa8a</load_address>
         <run_address>0xa8a</run_address>
         <size>0x7f</size>
         <input_file_ref idref="fl-13a"/>
      </object_component>
      <object_component id="oc-12d">
         <name>.debug_frame</name>
         <load_address>0xb09</load_address>
         <run_address>0xb09</run_address>
         <size>0x7f</size>
         <input_file_ref idref="fl-13a"/>
      </object_component>
      <object_component id="oc-121">
         <name>.debug_frame</name>
         <load_address>0xb88</load_address>
         <run_address>0xb88</run_address>
         <size>0x7f</size>
         <input_file_ref idref="fl-13a"/>
      </object_component>
      <object_component id="oc-109">
         <name>.debug_frame</name>
         <load_address>0xc07</load_address>
         <run_address>0xc07</run_address>
         <size>0x7f</size>
         <input_file_ref idref="fl-13a"/>
      </object_component>
      <object_component id="oc-fa">
         <name>.debug_frame</name>
         <load_address>0xc86</load_address>
         <run_address>0xc86</run_address>
         <size>0x7f</size>
         <input_file_ref idref="fl-13b"/>
      </object_component>
      <object_component id="oc-f4">
         <name>.debug_frame</name>
         <load_address>0xd05</load_address>
         <run_address>0xd05</run_address>
         <size>0x7f</size>
         <input_file_ref idref="fl-13b"/>
      </object_component>
      <object_component id="oc-c8">
         <name>.debug_frame</name>
         <load_address>0xd84</load_address>
         <run_address>0xd84</run_address>
         <size>0x93</size>
         <input_file_ref idref="fl-13b"/>
      </object_component>
      <object_component id="oc-131">
         <name>.debug_abbrev</name>
         <load_address>0x0</load_address>
         <run_address>0x0</run_address>
         <size>0x7a</size>
         <input_file_ref idref="fl-2"/>
      </object_component>
      <object_component id="oc-b2">
         <name>.debug_abbrev</name>
         <load_address>0x7a</load_address>
         <run_address>0x7a</run_address>
         <size>0x1f</size>
         <input_file_ref idref="fl-2"/>
      </object_component>
      <object_component id="oc-7e">
         <name>.debug_abbrev</name>
         <load_address>0x99</load_address>
         <run_address>0x99</run_address>
         <size>0x35</size>
         <input_file_ref idref="fl-2"/>
      </object_component>
      <object_component id="oc-134">
         <name>.debug_abbrev</name>
         <load_address>0xce</load_address>
         <run_address>0xce</run_address>
         <size>0x44</size>
         <input_file_ref idref="fl-2"/>
      </object_component>
      <object_component id="oc-d0">
         <name>.debug_abbrev</name>
         <load_address>0x112</load_address>
         <run_address>0x112</run_address>
         <size>0x62</size>
         <input_file_ref idref="fl-3"/>
      </object_component>
      <object_component id="oc-79">
         <name>.debug_abbrev</name>
         <load_address>0x174</load_address>
         <run_address>0x174</run_address>
         <size>0x1f</size>
         <input_file_ref idref="fl-3"/>
      </object_component>
      <object_component id="oc-75">
         <name>.debug_abbrev</name>
         <load_address>0x193</load_address>
         <run_address>0x193</run_address>
         <size>0x5d</size>
         <input_file_ref idref="fl-4"/>
      </object_component>
      <object_component id="oc-30">
         <name>.debug_abbrev</name>
         <load_address>0x1f0</load_address>
         <run_address>0x1f0</run_address>
         <size>0x29</size>
         <input_file_ref idref="fl-4"/>
      </object_component>
      <object_component id="oc-74">
         <name>.debug_abbrev</name>
         <load_address>0x219</load_address>
         <run_address>0x219</run_address>
         <size>0x79</size>
         <input_file_ref idref="fl-4"/>
      </object_component>
      <object_component id="oc-73">
         <name>.debug_abbrev</name>
         <load_address>0x292</load_address>
         <run_address>0x292</run_address>
         <size>0x3e</size>
         <input_file_ref idref="fl-12b"/>
      </object_component>
      <object_component id="oc-87">
         <name>.debug_abbrev</name>
         <load_address>0x2d0</load_address>
         <run_address>0x2d0</run_address>
         <size>0x52</size>
         <input_file_ref idref="fl-12c"/>
      </object_component>
      <object_component id="oc-38">
         <name>.debug_abbrev</name>
         <load_address>0x322</load_address>
         <run_address>0x322</run_address>
         <size>0x74</size>
         <input_file_ref idref="fl-12c"/>
      </object_component>
      <object_component id="oc-3b">
         <name>.debug_abbrev</name>
         <load_address>0x396</load_address>
         <run_address>0x396</run_address>
         <size>0x24</size>
         <input_file_ref idref="fl-12c"/>
      </object_component>
      <object_component id="oc-84">
         <name>.debug_abbrev</name>
         <load_address>0x3ba</load_address>
         <run_address>0x3ba</run_address>
         <size>0x24</size>
         <input_file_ref idref="fl-12c"/>
      </object_component>
      <object_component id="oc-8a">
         <name>.debug_abbrev</name>
         <load_address>0x3de</load_address>
         <run_address>0x3de</run_address>
         <size>0x52</size>
         <input_file_ref idref="fl-12d"/>
      </object_component>
      <object_component id="oc-89">
         <name>.debug_abbrev</name>
         <load_address>0x430</load_address>
         <run_address>0x430</run_address>
         <size>0x7b</size>
         <input_file_ref idref="fl-12d"/>
      </object_component>
      <object_component id="oc-45">
         <name>.debug_abbrev</name>
         <load_address>0x4ab</load_address>
         <run_address>0x4ab</run_address>
         <size>0x66</size>
         <input_file_ref idref="fl-12d"/>
      </object_component>
      <object_component id="oc-49">
         <name>.debug_abbrev</name>
         <load_address>0x511</load_address>
         <run_address>0x511</run_address>
         <size>0x24</size>
         <input_file_ref idref="fl-12d"/>
      </object_component>
      <object_component id="oc-8e">
         <name>.debug_abbrev</name>
         <load_address>0x535</load_address>
         <run_address>0x535</run_address>
         <size>0x24</size>
         <input_file_ref idref="fl-12d"/>
      </object_component>
      <object_component id="oc-e4">
         <name>.debug_abbrev</name>
         <load_address>0x559</load_address>
         <run_address>0x559</run_address>
         <size>0x6b</size>
         <input_file_ref idref="fl-12f"/>
      </object_component>
      <object_component id="oc-e2">
         <name>.debug_abbrev</name>
         <load_address>0x5c4</load_address>
         <run_address>0x5c4</run_address>
         <size>0x29</size>
         <input_file_ref idref="fl-12f"/>
      </object_component>
      <object_component id="oc-ab">
         <name>.debug_abbrev</name>
         <load_address>0x5ed</load_address>
         <run_address>0x5ed</run_address>
         <size>0xba</size>
         <input_file_ref idref="fl-12f"/>
      </object_component>
      <object_component id="oc-81">
         <name>.debug_abbrev</name>
         <load_address>0x6a7</load_address>
         <run_address>0x6a7</run_address>
         <size>0x3e</size>
         <input_file_ref idref="fl-130"/>
      </object_component>
      <object_component id="oc-91">
         <name>.debug_abbrev</name>
         <load_address>0x6e5</load_address>
         <run_address>0x6e5</run_address>
         <size>0x4f</size>
         <input_file_ref idref="fl-131"/>
      </object_component>
      <object_component id="oc-94">
         <name>.debug_abbrev</name>
         <load_address>0x734</load_address>
         <run_address>0x734</run_address>
         <size>0x55</size>
         <input_file_ref idref="fl-132"/>
      </object_component>
      <object_component id="oc-ae">
         <name>.debug_abbrev</name>
         <load_address>0x789</load_address>
         <run_address>0x789</run_address>
         <size>0x27</size>
         <input_file_ref idref="fl-133"/>
      </object_component>
      <object_component id="oc-138">
         <name>.debug_abbrev</name>
         <load_address>0x7b0</load_address>
         <run_address>0x7b0</run_address>
         <size>0x45</size>
         <input_file_ref idref="fl-134"/>
      </object_component>
      <object_component id="oc-de">
         <name>.debug_abbrev</name>
         <load_address>0x7f5</load_address>
         <run_address>0x7f5</run_address>
         <size>0x29</size>
         <input_file_ref idref="fl-134"/>
      </object_component>
      <object_component id="oc-137">
         <name>.debug_abbrev</name>
         <load_address>0x81e</load_address>
         <run_address>0x81e</run_address>
         <size>0x6f</size>
         <input_file_ref idref="fl-134"/>
      </object_component>
      <object_component id="oc-d1">
         <name>.debug_abbrev</name>
         <load_address>0x88d</load_address>
         <run_address>0x88d</run_address>
         <size>0x8e</size>
         <input_file_ref idref="fl-135"/>
      </object_component>
      <object_component id="oc-a3">
         <name>.debug_abbrev</name>
         <load_address>0x91b</load_address>
         <run_address>0x91b</run_address>
         <size>0x68</size>
         <input_file_ref idref="fl-135"/>
      </object_component>
      <object_component id="oc-d5">
         <name>.debug_abbrev</name>
         <load_address>0x983</load_address>
         <run_address>0x983</run_address>
         <size>0x49</size>
         <input_file_ref idref="fl-135"/>
      </object_component>
      <object_component id="oc-b7">
         <name>.debug_abbrev</name>
         <load_address>0x9cc</load_address>
         <run_address>0x9cc</run_address>
         <size>0x9a</size>
         <input_file_ref idref="fl-136"/>
      </object_component>
      <object_component id="oc-9b">
         <name>.debug_abbrev</name>
         <load_address>0xa66</load_address>
         <run_address>0xa66</run_address>
         <size>0x7e</size>
         <input_file_ref idref="fl-136"/>
      </object_component>
      <object_component id="oc-bb">
         <name>.debug_abbrev</name>
         <load_address>0xae4</load_address>
         <run_address>0xae4</run_address>
         <size>0x24</size>
         <input_file_ref idref="fl-136"/>
      </object_component>
      <object_component id="oc-c0">
         <name>.debug_abbrev</name>
         <load_address>0xb08</load_address>
         <run_address>0xb08</run_address>
         <size>0x4b</size>
         <input_file_ref idref="fl-136"/>
      </object_component>
      <object_component id="oc-e6">
         <name>.debug_abbrev</name>
         <load_address>0xb53</load_address>
         <run_address>0xb53</run_address>
         <size>0x9c</size>
         <input_file_ref idref="fl-137"/>
      </object_component>
      <object_component id="oc-b5">
         <name>.debug_abbrev</name>
         <load_address>0xbef</load_address>
         <run_address>0xbef</run_address>
         <size>0x8c</size>
         <input_file_ref idref="fl-137"/>
      </object_component>
      <object_component id="oc-ea">
         <name>.debug_abbrev</name>
         <load_address>0xc7b</load_address>
         <run_address>0xc7b</run_address>
         <size>0x24</size>
         <input_file_ref idref="fl-137"/>
      </object_component>
      <object_component id="oc-15f">
         <name>.debug_abbrev</name>
         <load_address>0xc9f</load_address>
         <run_address>0xc9f</run_address>
         <size>0x72</size>
         <input_file_ref idref="fl-138"/>
      </object_component>
      <object_component id="oc-15d">
         <name>.debug_abbrev</name>
         <load_address>0xd11</load_address>
         <run_address>0xd11</run_address>
         <size>0x27</size>
         <input_file_ref idref="fl-138"/>
      </object_component>
      <object_component id="oc-161">
         <name>.debug_abbrev</name>
         <load_address>0xd38</load_address>
         <run_address>0xd38</run_address>
         <size>0x6c</size>
         <input_file_ref idref="fl-138"/>
      </object_component>
      <object_component id="oc-162">
         <name>.debug_abbrev</name>
         <load_address>0xda4</load_address>
         <run_address>0xda4</run_address>
         <size>0x6c</size>
         <input_file_ref idref="fl-138"/>
      </object_component>
      <object_component id="oc-154">
         <name>.debug_abbrev</name>
         <load_address>0xe10</load_address>
         <run_address>0xe10</run_address>
         <size>0x6c</size>
         <input_file_ref idref="fl-138"/>
      </object_component>
      <object_component id="oc-146">
         <name>.debug_abbrev</name>
         <load_address>0xe7c</load_address>
         <run_address>0xe7c</run_address>
         <size>0x6c</size>
         <input_file_ref idref="fl-138"/>
      </object_component>
      <object_component id="oc-163">
         <name>.debug_abbrev</name>
         <load_address>0xee8</load_address>
         <run_address>0xee8</run_address>
         <size>0x5e</size>
         <input_file_ref idref="fl-13a"/>
      </object_component>
      <object_component id="oc-158">
         <name>.debug_abbrev</name>
         <load_address>0xf46</load_address>
         <run_address>0xf46</run_address>
         <size>0x6c</size>
         <input_file_ref idref="fl-13a"/>
      </object_component>
      <object_component id="oc-159">
         <name>.debug_abbrev</name>
         <load_address>0xfb2</load_address>
         <run_address>0xfb2</run_address>
         <size>0x6c</size>
         <input_file_ref idref="fl-13a"/>
      </object_component>
      <object_component id="oc-15b">
         <name>.debug_abbrev</name>
         <load_address>0x101e</load_address>
         <run_address>0x101e</run_address>
         <size>0x6c</size>
         <input_file_ref idref="fl-13a"/>
      </object_component>
      <object_component id="oc-157">
         <name>.debug_abbrev</name>
         <load_address>0x108a</load_address>
         <run_address>0x108a</run_address>
         <size>0x6c</size>
         <input_file_ref idref="fl-13a"/>
      </object_component>
      <object_component id="oc-15c">
         <name>.debug_abbrev</name>
         <load_address>0x10f6</load_address>
         <run_address>0x10f6</run_address>
         <size>0x6e</size>
         <input_file_ref idref="fl-13a"/>
      </object_component>
      <object_component id="oc-15a">
         <name>.debug_abbrev</name>
         <load_address>0x1164</load_address>
         <run_address>0x1164</run_address>
         <size>0x6c</size>
         <input_file_ref idref="fl-13a"/>
      </object_component>
      <object_component id="oc-155">
         <name>.debug_abbrev</name>
         <load_address>0x11d0</load_address>
         <run_address>0x11d0</run_address>
         <size>0x6c</size>
         <input_file_ref idref="fl-13a"/>
      </object_component>
      <object_component id="oc-13a">
         <name>.debug_abbrev</name>
         <load_address>0x123c</load_address>
         <run_address>0x123c</run_address>
         <size>0xb0</size>
         <input_file_ref idref="fl-13b"/>
      </object_component>
      <object_component id="oc-142">
         <name>.debug_abbrev</name>
         <load_address>0x12ec</load_address>
         <run_address>0x12ec</run_address>
         <size>0x6c</size>
         <input_file_ref idref="fl-13b"/>
      </object_component>
      <object_component id="oc-141">
         <name>.debug_abbrev</name>
         <load_address>0x1358</load_address>
         <run_address>0x1358</run_address>
         <size>0x6c</size>
         <input_file_ref idref="fl-13b"/>
      </object_component>
      <object_component id="oc-ed">
         <name>.debug_abbrev</name>
         <load_address>0x13c4</load_address>
         <run_address>0x13c4</run_address>
         <size>0x7a</size>
         <input_file_ref idref="fl-13b"/>
      </object_component>
      <object_component id="oc-13e">
         <name>.debug_abbrev</name>
         <load_address>0x143e</load_address>
         <run_address>0x143e</run_address>
         <size>0x49</size>
         <input_file_ref idref="fl-13b"/>
      </object_component>
      <object_component id="oc-18b">
         <name>.debug_abbrev</name>
         <load_address>0x1487</load_address>
         <run_address>0x1487</run_address>
         <size>0xf</size>
      </object_component>
      <object_component id="oc-b4">
         <name>.debug_str</name>
         <load_address>0x0</load_address>
         <run_address>0x0</run_address>
         <size>0xf5</size>
         <input_file_ref idref="fl-2"/>
      </object_component>
      <object_component id="oc-80">
         <name>.debug_str</name>
         <load_address>0xf5</load_address>
         <run_address>0xf5</run_address>
         <size>0x207</size>
         <input_file_ref idref="fl-2"/>
      </object_component>
      <object_component id="oc-136">
         <name>.debug_str</name>
         <load_address>0x2fc</load_address>
         <run_address>0x2fc</run_address>
         <size>0xbf</size>
         <input_file_ref idref="fl-2"/>
      </object_component>
      <object_component id="oc-7b">
         <name>.debug_str</name>
         <load_address>0x3bb</load_address>
         <run_address>0x3bb</run_address>
         <size>0xf5</size>
         <input_file_ref idref="fl-3"/>
      </object_component>
      <object_component id="oc-3d">
         <name>.debug_str</name>
         <load_address>0x4b0</load_address>
         <run_address>0x4b0</run_address>
         <size>0x116</size>
         <input_file_ref idref="fl-12c"/>
      </object_component>
      <object_component id="oc-86">
         <name>.debug_str</name>
         <load_address>0x5c6</load_address>
         <run_address>0x5c6</run_address>
         <size>0x15e</size>
         <input_file_ref idref="fl-12c"/>
      </object_component>
      <object_component id="oc-4b">
         <name>.debug_str</name>
         <load_address>0x724</load_address>
         <run_address>0x724</run_address>
         <size>0x108</size>
         <input_file_ref idref="fl-12d"/>
      </object_component>
      <object_component id="oc-90">
         <name>.debug_str</name>
         <load_address>0x82c</load_address>
         <run_address>0x82c</run_address>
         <size>0x15e</size>
         <input_file_ref idref="fl-12d"/>
      </object_component>
      <object_component id="oc-d7">
         <name>.debug_str</name>
         <load_address>0x98a</load_address>
         <run_address>0x98a</run_address>
         <size>0xec</size>
         <input_file_ref idref="fl-135"/>
      </object_component>
      <object_component id="oc-bd">
         <name>.debug_str</name>
         <load_address>0xa76</load_address>
         <run_address>0xa76</run_address>
         <size>0xf8</size>
         <input_file_ref idref="fl-136"/>
      </object_component>
      <object_component id="oc-c2">
         <name>.debug_str</name>
         <load_address>0xb6e</load_address>
         <run_address>0xb6e</run_address>
         <size>0x1b5</size>
         <input_file_ref idref="fl-136"/>
      </object_component>
      <object_component id="oc-ec">
         <name>.debug_str</name>
         <load_address>0xd23</load_address>
         <run_address>0xd23</run_address>
         <size>0xed</size>
         <input_file_ref idref="fl-137"/>
      </object_component>
      <object_component id="oc-140">
         <name>.debug_str</name>
         <load_address>0xe10</load_address>
         <run_address>0xe10</run_address>
         <size>0x141</size>
         <input_file_ref idref="fl-13b"/>
      </object_component>
      <object_component id="oc-cb">
         <name>.debug_aranges</name>
         <load_address>0x0</load_address>
         <run_address>0x0</run_address>
         <size>0x30</size>
         <input_file_ref idref="fl-2"/>
      </object_component>
      <object_component id="oc-a0">
         <name>.debug_aranges</name>
         <load_address>0x30</load_address>
         <run_address>0x30</run_address>
         <size>0x20</size>
         <input_file_ref idref="fl-3"/>
      </object_component>
      <object_component id="oc-2d">
         <name>.debug_aranges</name>
         <load_address>0x50</load_address>
         <run_address>0x50</run_address>
         <size>0x38</size>
         <input_file_ref idref="fl-4"/>
      </object_component>
      <object_component id="oc-26">
         <name>.debug_aranges</name>
         <load_address>0x88</load_address>
         <run_address>0x88</run_address>
         <size>0x20</size>
         <input_file_ref idref="fl-12b"/>
      </object_component>
      <object_component id="oc-14">
         <name>.debug_aranges</name>
         <load_address>0xa8</load_address>
         <run_address>0xa8</run_address>
         <size>0x20</size>
         <input_file_ref idref="fl-12c"/>
      </object_component>
      <object_component id="oc-43">
         <name>.debug_aranges</name>
         <load_address>0xc8</load_address>
         <run_address>0xc8</run_address>
         <size>0x20</size>
         <input_file_ref idref="fl-12d"/>
      </object_component>
      <object_component id="oc-1c">
         <name>.debug_aranges</name>
         <load_address>0xe8</load_address>
         <run_address>0xe8</run_address>
         <size>0x20</size>
         <input_file_ref idref="fl-12d"/>
      </object_component>
      <object_component id="oc-6c">
         <name>.debug_aranges</name>
         <load_address>0x108</load_address>
         <run_address>0x108</run_address>
         <size>0x30</size>
         <input_file_ref idref="fl-12f"/>
      </object_component>
      <object_component id="oc-35">
         <name>.debug_aranges</name>
         <load_address>0x138</load_address>
         <run_address>0x138</run_address>
         <size>0x20</size>
         <input_file_ref idref="fl-130"/>
      </object_component>
      <object_component id="oc-4d">
         <name>.debug_aranges</name>
         <load_address>0x158</load_address>
         <run_address>0x158</run_address>
         <size>0x28</size>
         <input_file_ref idref="fl-131"/>
      </object_component>
      <object_component id="oc-59">
         <name>.debug_aranges</name>
         <load_address>0x180</load_address>
         <run_address>0x180</run_address>
         <size>0x20</size>
         <input_file_ref idref="fl-132"/>
      </object_component>
      <object_component id="oc-da">
         <name>.debug_aranges</name>
         <load_address>0x1a0</load_address>
         <run_address>0x1a0</run_address>
         <size>0x30</size>
         <input_file_ref idref="fl-134"/>
      </object_component>
      <object_component id="oc-65">
         <name>.debug_aranges</name>
         <load_address>0x1d0</load_address>
         <run_address>0x1d0</run_address>
         <size>0x20</size>
         <input_file_ref idref="fl-135"/>
      </object_component>
      <object_component id="oc-5f">
         <name>.debug_aranges</name>
         <load_address>0x1f0</load_address>
         <run_address>0x1f0</run_address>
         <size>0x20</size>
         <input_file_ref idref="fl-136"/>
      </object_component>
      <object_component id="oc-98">
         <name>.debug_aranges</name>
         <load_address>0x210</load_address>
         <run_address>0x210</run_address>
         <size>0x20</size>
         <input_file_ref idref="fl-137"/>
      </object_component>
      <object_component id="oc-14a">
         <name>.debug_aranges</name>
         <load_address>0x230</load_address>
         <run_address>0x230</run_address>
         <size>0x20</size>
         <input_file_ref idref="fl-138"/>
      </object_component>
      <object_component id="oc-150">
         <name>.debug_aranges</name>
         <load_address>0x250</load_address>
         <run_address>0x250</run_address>
         <size>0x20</size>
         <input_file_ref idref="fl-138"/>
      </object_component>
      <object_component id="oc-104">
         <name>.debug_aranges</name>
         <load_address>0x270</load_address>
         <run_address>0x270</run_address>
         <size>0x20</size>
         <input_file_ref idref="fl-138"/>
      </object_component>
      <object_component id="oc-fe">
         <name>.debug_aranges</name>
         <load_address>0x290</load_address>
         <run_address>0x290</run_address>
         <size>0x20</size>
         <input_file_ref idref="fl-138"/>
      </object_component>
      <object_component id="oc-116">
         <name>.debug_aranges</name>
         <load_address>0x2b0</load_address>
         <run_address>0x2b0</run_address>
         <size>0x20</size>
         <input_file_ref idref="fl-13a"/>
      </object_component>
      <object_component id="oc-11c">
         <name>.debug_aranges</name>
         <load_address>0x2d0</load_address>
         <run_address>0x2d0</run_address>
         <size>0x20</size>
         <input_file_ref idref="fl-13a"/>
      </object_component>
      <object_component id="oc-128">
         <name>.debug_aranges</name>
         <load_address>0x2f0</load_address>
         <run_address>0x2f0</run_address>
         <size>0x20</size>
         <input_file_ref idref="fl-13a"/>
      </object_component>
      <object_component id="oc-110">
         <name>.debug_aranges</name>
         <load_address>0x310</load_address>
         <run_address>0x310</run_address>
         <size>0x20</size>
         <input_file_ref idref="fl-13a"/>
      </object_component>
      <object_component id="oc-12e">
         <name>.debug_aranges</name>
         <load_address>0x330</load_address>
         <run_address>0x330</run_address>
         <size>0x20</size>
         <input_file_ref idref="fl-13a"/>
      </object_component>
      <object_component id="oc-122">
         <name>.debug_aranges</name>
         <load_address>0x350</load_address>
         <run_address>0x350</run_address>
         <size>0x20</size>
         <input_file_ref idref="fl-13a"/>
      </object_component>
      <object_component id="oc-10a">
         <name>.debug_aranges</name>
         <load_address>0x370</load_address>
         <run_address>0x370</run_address>
         <size>0x20</size>
         <input_file_ref idref="fl-13a"/>
      </object_component>
      <object_component id="oc-f6">
         <name>.debug_aranges</name>
         <load_address>0x390</load_address>
         <run_address>0x390</run_address>
         <size>0x20</size>
         <input_file_ref idref="fl-13b"/>
      </object_component>
      <object_component id="oc-f0">
         <name>.debug_aranges</name>
         <load_address>0x3b0</load_address>
         <run_address>0x3b0</run_address>
         <size>0x20</size>
         <input_file_ref idref="fl-13b"/>
      </object_component>
      <object_component id="oc-c4">
         <name>.debug_aranges</name>
         <load_address>0x3d0</load_address>
         <run_address>0x3d0</run_address>
         <size>0x20</size>
         <input_file_ref idref="fl-13b"/>
      </object_component>
      <object_component id="oc-cc">
         <name>.debug_pubnames</name>
         <load_address>0x0</load_address>
         <run_address>0x0</run_address>
         <size>0x39</size>
         <input_file_ref idref="fl-2"/>
      </object_component>
      <object_component id="oc-9f">
         <name>.debug_pubnames</name>
         <load_address>0x39</load_address>
         <run_address>0x39</run_address>
         <size>0x1b</size>
         <input_file_ref idref="fl-3"/>
      </object_component>
      <object_component id="oc-11">
         <name>.debug_pubnames</name>
         <load_address>0x54</load_address>
         <run_address>0x54</run_address>
         <size>0x23</size>
         <input_file_ref idref="fl-4"/>
      </object_component>
      <object_component id="oc-2c">
         <name>.debug_pubnames</name>
         <load_address>0x77</load_address>
         <run_address>0x77</run_address>
         <size>0x4c</size>
         <input_file_ref idref="fl-4"/>
      </object_component>
      <object_component id="oc-28">
         <name>.debug_pubnames</name>
         <load_address>0xc3</load_address>
         <run_address>0xc3</run_address>
         <size>0x1f</size>
         <input_file_ref idref="fl-12b"/>
      </object_component>
      <object_component id="oc-17">
         <name>.debug_pubnames</name>
         <load_address>0xe2</load_address>
         <run_address>0xe2</run_address>
         <size>0x2b</size>
         <input_file_ref idref="fl-12c"/>
      </object_component>
      <object_component id="oc-44">
         <name>.debug_pubnames</name>
         <load_address>0x10d</load_address>
         <run_address>0x10d</run_address>
         <size>0x2f</size>
         <input_file_ref idref="fl-12d"/>
      </object_component>
      <object_component id="oc-1d">
         <name>.debug_pubnames</name>
         <load_address>0x13c</load_address>
         <run_address>0x13c</run_address>
         <size>0x2c</size>
         <input_file_ref idref="fl-12d"/>
      </object_component>
      <object_component id="oc-aa">
         <name>.debug_pubnames</name>
         <load_address>0x168</load_address>
         <run_address>0x168</run_address>
         <size>0x3a</size>
         <input_file_ref idref="fl-12f"/>
      </object_component>
      <object_component id="oc-6d">
         <name>.debug_pubnames</name>
         <load_address>0x1a2</load_address>
         <run_address>0x1a2</run_address>
         <size>0x35</size>
         <input_file_ref idref="fl-12f"/>
      </object_component>
      <object_component id="oc-36">
         <name>.debug_pubnames</name>
         <load_address>0x1d7</load_address>
         <run_address>0x1d7</run_address>
         <size>0x1d</size>
         <input_file_ref idref="fl-130"/>
      </object_component>
      <object_component id="oc-4f">
         <name>.debug_pubnames</name>
         <load_address>0x1f4</load_address>
         <run_address>0x1f4</run_address>
         <size>0x37</size>
         <input_file_ref idref="fl-131"/>
      </object_component>
      <object_component id="oc-5c">
         <name>.debug_pubnames</name>
         <load_address>0x22b</load_address>
         <run_address>0x22b</run_address>
[...]
            <object_component_ref idref="oc-163"/>
            <object_component_ref idref="oc-158"/>
            <object_component_ref idref="oc-159"/>
            <object_component_ref idref="oc-15b"/>
            <object_component_ref idref="oc-157"/>
            <object_component_ref idref="oc-15c"/>
            <object_component_ref idref="oc-15a"/>
            <object_component_ref idref="oc-155"/>
            <object_component_ref idref="oc-13a"/>
            <object_component_ref idref="oc-142"/>
            <object_component_ref idref="oc-141"/>
            <object_component_ref idref="oc-ed"/>
            <object_component_ref idref="oc-13e"/>
            <object_component_ref idref="oc-18b"/>
         </contents>
      </logical_group>
      <logical_group id="lg-17e" display="never" color="cyan">
         <name>.debug_str</name>
         <load_address>0x0</load_address>
         <run_address>0x0</run_address>
         <size>0xf51</size>
         <contents>
            <object_component_ref idref="oc-b4"/>
            <object_component_ref idref="oc-80"/>
            <object_component_ref idref="oc-136"/>
            <object_component_ref idref="oc-7b"/>
            <object_component_ref idref="oc-3d"/>
            <object_component_ref idref="oc-86"/>
            <object_component_ref idref="oc-4b"/>
            <object_component_ref idref="oc-90"/>
            <object_component_ref idref="oc-d7"/>
            <object_component_ref idref="oc-bd"/>
            <object_component_ref idref="oc-c2"/>
            <object_component_ref idref="oc-ec"/>
            <object_component_ref idref="oc-140"/>
         </contents>
      </logical_group>
      <logical_group id="lg-180" display="never" color="cyan">
         <name>.debug_aranges</name>
         <load_address>0x0</load_address>
         <run_address>0x0</run_address>
         <size>0x3f0</size>
         <contents>
            <object_component_ref idref="oc-cb"/>
            <object_component_ref idref="oc-a0"/>
            <object_component_ref idref="oc-2d"/>
            <object_component_ref idref="oc-26"/>
            <object_component_ref idref="oc-14"/>
            <object_component_ref idref="oc-43"/>
            <object_component_ref idref="oc-1c"/>
            <object_component_ref idref="oc-6c"/>
            <object_component_ref idref="oc-35"/>
            <object_component_ref idref="oc-4d"/>
            <object_component_ref idref="oc-59"/>
            <object_component_ref idref="oc-da"/>
            <object_component_ref idref="oc-65"/>
            <object_component_ref idref="oc-5f"/>
            <object_component_ref idref="oc-98"/>
            <object_component_ref idref="oc-14a"/>
            <object_component_ref idref="oc-150"/>
            <object_component_ref idref="oc-104"/>
            <object_component_ref idref="oc-fe"/>
            <object_component_ref idref="oc-116"/>
            <object_component_ref idref="oc-11c"/>
            <object_component_ref idref="oc-128"/>
            <object_component_ref idref="oc-110"/>
            <object_component_ref idref="oc-12e"/>
            <object_component_ref idref="oc-122"/>
            <object_component_ref idref="oc-10a"/>
            <object_component_ref idref="oc-f6"/>
            <object_component_ref idref="oc-f0"/>
            <object_component_ref idref="oc-c4"/>
         </contents>
      </logical_group>
      <logical_group id="lg-182" display="never" color="cyan">
         <name>.debug_pubnames</name>
         <load_address>0x0</load_address>
         <run_address>0x0</run_address>
         <size>0x588</size>
         <contents>
            <object_component_ref idref="oc-cc"/>
            <object_component_ref idref="oc-9f"/>
            <object_component_ref idref="oc-11"/>
            <object_component_ref idref="oc-2c"/>
            <object_component_ref idref="oc-28"/>
            <object_component_ref idref="oc-17"/>
            <object_component_ref idref="oc-44"/>
            <object_component_ref idref="oc-1d"/>
            <object_component_ref idref="oc-aa"/>
            <object_component_ref idref="oc-6d"/>
            <object_component_ref idref="oc-36"/>
            <object_component_ref idref="oc-4f"/>
            <object_component_ref idref="oc-5c"/>
            <object_component_ref idref="oc-72"/>
            <object_component_ref idref="oc-a7"/>
            <object_component_ref idref="oc-db"/>
            <object_component_ref idref="oc-67"/>
            <object_component_ref idref="oc-63"/>
            <object_component_ref idref="oc-99"/>
            <object_component_ref idref="oc-145"/>
            <object_component_ref idref="oc-14b"/>
            <object_component_ref idref="oc-151"/>
            <object_component_ref idref="oc-103"/>
            <object_component_ref idref="oc-fd"/>
            <object_component_ref idref="oc-118"/>
            <object_component_ref idref="oc-11e"/>
            <object_component_ref idref="oc-12a"/>
            <object_component_ref idref="oc-112"/>
            <object_component_ref idref="oc-130"/>
            <object_component_ref idref="oc-124"/>
            <object_component_ref idref="oc-10c"/>
            <object_component_ref idref="oc-f8"/>
            <object_component_ref idref="oc-f2"/>
            <object_component_ref idref="oc-c6"/>
         </contents>
      </logical_group>
      <logical_group id="lg-184" display="never" color="cyan">
         <name>.debug_pubtypes</name>
         <load_address>0x0</load_address>
         <run_address>0x0</run_address>
         <size>0x5bc</size>
         <contents>
            <object_component_ref idref="oc-b1"/>
            <object_component_ref idref="oc-7d"/>
            <object_component_ref idref="oc-133"/>
            <object_component_ref idref="oc-78"/>
            <object_component_ref idref="oc-3a"/>
            <object_component_ref idref="oc-83"/>
            <object_component_ref idref="oc-48"/>
            <object_component_ref idref="oc-8d"/>
            <object_component_ref idref="oc-ad"/>
            <object_component_ref idref="oc-e1"/>
            <object_component_ref idref="oc-d4"/>
            <object_component_ref idref="oc-ba"/>
            <object_component_ref idref="oc-bf"/>
            <object_component_ref idref="oc-e9"/>
            <object_component_ref idref="oc-13d"/>
         </contents>
      </logical_group>
      <load_segment id="lg-191" display="no" color="cyan">
         <name>SEGMENT_0</name>
         <load_address>0x0</load_address>
         <run_address>0x0</run_address>
         <size>0xc90</size>
         <flags>0x5</flags>
         <contents>
            <logical_group_ref idref="lg-3"/>
            <logical_group_ref idref="lg-4"/>
            <logical_group_ref idref="lg-5"/>
            <logical_group_ref idref="lg-6"/>
         </contents>
      </load_segment>
      <load_segment id="lg-192" display="no" color="cyan">
         <name>SEGMENT_1</name>
         <run_address>0x20000000</run_address>
         <size>0x214</size>
         <flags>0x6</flags>
         <contents>
            <logical_group_ref idref="lg-d"/>
            <logical_group_ref idref="lg-a"/>
         </contents>
      </load_segment>
   </logical_group_list>
   <placement_map>
      <memory_area display="yes" color="green">
         <name>FLASH</name>
         <page_id>0x0</page_id>
         <origin>0x0</origin>
         <length>0x40000</length>
         <used_space>0xc8a</used_space>
         <unused_space>0x3f376</unused_space>
         <attributes>RX</attributes>
         <usage_details>
            <allocated_space>
               <start_address>0x0</start_address>
               <size>0x26c</size>
               <logical_group_ref idref="lg-3"/>
            </allocated_space>
            <allocated_space>
               <start_address>0x26c</start_address>
               <size>0x96e</size>
               <logical_group_ref idref="lg-4"/>
            </allocated_space>
            <available_space>
               <start_address>0xbda</start_address>
               <size>0x2</size>
            </available_space>
            <allocated_space>
               <start_address>0xbdc</start_address>
               <size>0x90</size>
               <logical_group_ref idref="lg-5"/>
            </allocated_space>
            <available_space>
               <start_address>0xc6c</start_address>
               <size>0x4</size>
            </available_space>
            <allocated_space>
               <start_address>0xc70</start_address>
               <size>0x20</size>
               <logical_group_ref idref="lg-6"/>
            </allocated_space>
            <available_space>
               <start_address>0xc90</start_address>
               <size>0x3f370</size>
            </available_space>
         </usage_details>
      </memory_area>
      <memory_area display="yes" color="green">
         <name>SRAM</name>
         <page_id>0x0</page_id>
         <origin>0x20000000</origin>
         <length>0x8000</length>
         <used_space>0x214</used_space>
         <unused_space>0x7dec</unused_space>
         <attributes>RWX</attributes>
         <usage_details>
            <allocated_space>
               <start_address>0x20000000</start_address>
               <size>0x200</size>
               <logical_group_ref idref="lg-d"/>
            </allocated_space>
            <allocated_space>
               <start_address>0x20000200</start_address>
               <size>0x14</size>
               <logical_group_ref idref="lg-167"/>
            </allocated_space>
            <available_space>
               <start_address>0x20000214</start_address>
               <size>0x7dec</size>
            </available_space>
         </usage_details>
      </memory_area>
   </placement_map>
   <cptbl_list>
      <cptbl>
         <name>__TI_cinit_table</name>
         <cprec>
            <name>.data</name>
            <load_address>0xc70</load_address>
            <load_size>0xf</load_size>
            <run_address>0x20000200</run_address>
            <run_size>0x14</run_size>
            <compression>rle</compression>
         </cprec>
      </cptbl>
   </cptbl_list>
   <handler_table>
      <handler_table_name>__TI_handler_table</handler_table_name>
      <handler>
         <index>0x0</index>
         <name>__TI_decompress_rle24</name>
      </handler>
      <handler>
         <index>0x1</index>
         <name>__TI_decompress_none</name>
      </handler>
   </handler_table>
   <symbol_table>
      <symbol id="sm-1">
         <name>__STACK_TOP</name>
         <value>0x20000200</value>
      </symbol>
      <symbol id="sm-2">
         <name>__TI_CINIT_Base</name>
         <value>0xc88</value>
      </symbol>
      <symbol id="sm-3">
         <name>__TI_CINIT_Limit</name>
         <value>0xc90</value>
      </symbol>
      <symbol id="sm-4">
         <name>__TI_Handler_Table_Base</name>
         <value>0xc80</value>
      </symbol>
      <symbol id="sm-5">
         <name>__TI_Handler_Table_Limit</name>
         <value>0xc88</value>
      </symbol>
      <symbol id="sm-6">
         <name>binit</name>
         <value>0xffffffff</value>
      </symbol>
      <symbol id="sm-7">
         <name>__binit__</name>
         <value>0xffffffff</value>
      </symbol>
      <symbol id="sm-8">
         <name>__STACK_SIZE</name>
         <value>0x200</value>
      </symbol>
      <symbol id="sm-9">
         <name>__STACK_END</name>
         <value>0x20000200</value>
      </symbol>
      <symbol id="sm-a">
         <name>__c_args__</name>
         <value>0xffffffff</value>
      </symbol>
      <symbol id="sm-52">
         <name>setLedDuty</name>
         <value>0x351</value>
         <object_component_ref idref="oc-c9"/>
      </symbol>
      <symbol id="sm-53">
         <name>LED_init</name>
         <value>0x26d</value>
         <object_component_ref idref="oc-c9"/>
      </symbol>
      <symbol id="sm-54">
         <name>setRGB</name>
         <value>0x3b9</value>
         <object_component_ref idref="oc-c9"/>
      </symbol>
      <symbol id="sm-70">
         <name>main</name>
         <value>0x549</value>
         <object_component_ref idref="oc-9d"/>
      </symbol>
      <symbol id="sm-8c">
         <name>ResetISR</name>
         <value>0xbbf</value>
         <object_component_ref idref="oc-2a"/>
      </symbol>
      <symbol id="sm-8d">
         <name>g_pfnVectors</name>
         <value>0x0</value>
         <object_component_ref idref="oc-f"/>
      </symbol>
      <symbol id="sm-9f">
         <name>_c_int00</name>
         <value>0x945</value>
         <object_component_ref idref="oc-24"/>
      </symbol>
      <symbol id="sm-a0">
         <name>__stack</name>
         <value>0x20000000</value>
         <object_component_ref idref="oc-29"/>
      </symbol>
      <symbol id="sm-b7">
         <name>__TI_decompress_none</name>
         <value>0xba5</value>
         <object_component_ref idref="oc-12"/>
      </symbol>
      <symbol id="sm-df">
         <name>__TI_decompress_rle24</name>
         <value>0xbd1</value>
         <object_component_ref idref="oc-18"/>
      </symbol>
      <symbol id="sm-ff">
         <name>C$$EXIT</name>
         <value>0xa29</value>
         <object_component_ref idref="oc-6a"/>
      </symbol>
      <symbol id="sm-100">
         <name>abort</name>
         <value>0xa2d</value>
         <object_component_ref idref="oc-6a"/>
      </symbol>
      <symbol id="sm-101">
         <name>exit</name>
         <value>0xa35</value>
         <object_component_ref idref="oc-6a"/>
      </symbol>
      <symbol id="sm-102">
         <name>__TI_dtors_ptr</name>
         <value>0x2000020c</value>
         <object_component_ref idref="oc-a8"/>
      </symbol>
      <symbol id="sm-103">
         <name>__TI_cleanup_ptr</name>
         <value>0x20000208</value>
         <object_component_ref idref="oc-a8"/>
      </symbol>
      <symbol id="sm-11e">
         <name>memcpy</name>
         <value>0x755</value>
         <object_component_ref idref="oc-33"/>
      </symbol>
      <symbol id="sm-11f">
         <name>__aeabi_memcpy</name>
         <value>0x755</value>
         <object_component_ref idref="oc-33"/>
      </symbol>
      <symbol id="sm-120">
         <name>__aeabi_memcpy8</name>
         <value>0x755</value>
         <object_component_ref idref="oc-33"/>
      </symbol>
      <symbol id="sm-121">
         <name>__aeabi_memcpy4</name>
         <value>0x755</value>
         <object_component_ref idref="oc-33"/>
      </symbol>
      <symbol id="sm-130">
         <name>__aeabi_memset</name>
         <value>0x7f3</value>
         <object_component_ref idref="oc-4c"/>
      </symbol>
      <symbol id="sm-131">
         <name>memset</name>
         <value>0x7f9</value>
         <object_component_ref idref="oc-4c"/>
      </symbol>
      <symbol id="sm-132">
         <name>__aeabi_memset8</name>
         <value>0x7f3</value>
         <object_component_ref idref="oc-4c"/>
      </symbol>
      <symbol id="sm-133">
         <name>__aeabi_memset4</name>
         <value>0x7f3</value>
         <object_component_ref idref="oc-4c"/>
      </symbol>
      <symbol id="sm-134">
         <name>__aeabi_memclr8</name>
         <value>0x7f1</value>
         <object_component_ref idref="oc-4c"/>
      </symbol>
      <symbol id="sm-135">
         <name>__aeabi_memclr4</name>
         <value>0x7f1</value>
         <object_component_ref idref="oc-4c"/>
      </symbol>
      <symbol id="sm-136">
         <name>__aeabi_memclr</name>
         <value>0x7f1</value>
         <object_component_ref idref="oc-4c"/>
      </symbol>
      <symbol id="sm-140">
         <name>_system_pre_init</name>
         <value>0xbd7</value>
         <object_component_ref idref="oc-58"/>
      </symbol>
      <symbol id="sm-148">
         <name>main_func_sp</name>
         <value>0x20000210</value>
         <object_component_ref idref="oc-70"/>
      </symbol>
      <symbol id="sm-161">
         <name>_nop</name>
         <value>0xb47</value>
         <object_component_ref idref="oc-d8"/>
      </symbol>
      <symbol id="sm-162">
         <name>_lock</name>
         <value>0x20000200</value>
         <object_component_ref idref="oc-a5"/>
      </symbol>
      <symbol id="sm-163">
         <name>_unlock</name>
         <value>0x20000204</value>
         <object_component_ref idref="oc-a5"/>
      </symbol>
      <symbol id="sm-164">
         <name>_register_lock</name>
         <value>0xb3f</value>
         <object_component_ref idref="oc-d8"/>
      </symbol>
      <symbol id="sm-165">
         <name>_register_unlock</name>
         <value>0xb39</value>
         <object_component_ref idref="oc-d8"/>
      </symbol>
      <symbol id="sm-17a">
         <name>_args_main</name>
         <value>0xb0d</value>
         <object_component_ref idref="oc-64"/>
      </symbol>
      <symbol id="sm-1a0">
         <name>__TI_auto_init</name>
         <value>0x86d</value>
         <object_component_ref idref="oc-5e"/>
      </symbol>
      <symbol id="sm-1ba">
         <name>copy_in</name>
         <value>0x995</value>
         <object_component_ref idref="oc-95"/>
      </symbol>
      <symbol id="sm-1ec">
         <name>GPIOPinTypePWM</name>
         <value>0xb4d</value>
         <object_component_ref idref="oc-101"/>
      </symbol>
      <symbol id="sm-1ed">
         <name>GPIOPinConfigure</name>
         <value>0x9e1</value>
         <object_component_ref idref="oc-fb"/>
      </symbol>
      <symbol id="sm-1ee">
         <name>GPIODirModeSet</name>
         <value>0xaa1</value>
         <object_component_ref idref="oc-148"/>
      </symbol>
      <symbol id="sm-1ef">
         <name>GPIOPadConfigSet</name>
         <value>0x415</value>
         <object_component_ref idref="oc-14e"/>
      </symbol>
      <symbol id="sm-22d">
         <name>PWMGenPeriodSet</name>
         <value>0xb95</value>
         <object_component_ref idref="oc-10d"/>
      </symbol>
      <symbol id="sm-22e">
         <name>PWMPulseWidthSet</name>
         <value>0xaed</value>
         <object_component_ref idref="oc-113"/>
      </symbol>
      <symbol id="sm-22f">
         <name>PWMGenPeriodGet</name>
         <value>0xb5f</value>
         <object_component_ref idref="oc-12b"/>
      </symbol>
      <symbol id="sm-230">
         <name>PWMOutputState</name>
         <value>0xb83</value>
         <object_component_ref idref="oc-119"/>
      </symbol>
      <symbol id="sm-231">
         <name>PWMGenEnable</name>
         <value>0xbb3</value>
         <object_component_ref idref="oc-11f"/>
      </symbol>
      <symbol id="sm-232">
         <name>PWMGenConfigure</name>
         <value>0xacb</value>
         <object_component_ref idref="oc-107"/>
      </symbol>
      <symbol id="sm-233">
         <name>PWMOutputInvert</name>
         <value>0xb71</value>
         <object_component_ref idref="oc-125"/>
      </symbol>
      <symbol id="sm-269">
         <name>SysCtlClockSet</name>
         <value>0x661</value>
         <object_component_ref idref="oc-c3"/>
      </symbol>
      <symbol id="sm-26a">
         <name>SysCtlDelay</name>
         <value>0xbcb</value>
         <object_component_ref idref="oc-cf"/>
      </symbol>
      <symbol id="sm-26b">
         <name>SysCtlPeripheralEnable</name>
         <value>0xa6d</value>
         <object_component_ref idref="oc-f5"/>
      </symbol>
      <symbol id="sm-26c">
         <name>SysCtlPWMClockSet</name>
         <value>0xb25</value>
         <object_component_ref idref="oc-ef"/>
      </symbol>
      <symbol id="sm-26e">
         <name>__TI_static_base__</name>
         <value>0x0</value>
      </symbol>
      <symbol id="sm-271">
         <name>SHT$$INIT_ARRAY$$Limit</name>
         <value>0x0</value>
      </symbol>
      <symbol id="sm-272">
         <name>SHT$$INIT_ARRAY$$Base</name>
         <value>0x0</value>
      </symbol>
   </symbol_table>
   <title>Link successful</title>
</link_info>
