******************************************************************************
                  TI ARM Linker PC v5.2.7                      
******************************************************************************
>> Linked Sat Jan 14 19:30:49 2017

OUTPUT FILE NAME:   <PWM_Test.out>
ENTRY POINT SYMBOL: "_c_int00"  address: 00000be9


MEMORY CONFIGURATION

         name            origin    length      used     unused   attr    fill
----------------------  --------  ---------  --------  --------  ----  --------
  FLASH                 00000000   00040000  0000108e  0003ef72  R  X
  SRAM                  20000000   00008000  0000021c  00007de4  RW X


SEGMENT ALLOCATION MAP

run origin  load origin   length   init length attrs members
----------  ----------- ---------- ----------- ----- -------
00000000    00000000    00001090   00001090    r-x
  00000000    00000000    0000026c   0000026c    r-- .intvecs
  0000026c    0000026c    00000d5a   00000d5a    r-x .text
  00000fc8    00000fc8    000000a8   000000a8    r-- .const
  00001070    00001070    00000020   00000020    r-- .cinit
20000000    20000000    0000021c   00000000    rw-
  20000000    20000000    00000200   00000000    rw- .stack
  20000200    20000200    0000001c   00000000    rw- .data


SECTION ALLOCATION MAP

 output                                  attributes/
section   page    origin      length       input sections
--------  ----  ----------  ----------   ----------------
.intvecs   0    00000000    0000026c     
                  00000000    0000026c     tm4c123gh6pm_startup_ccs.obj (.intvecs)

.text      0    0000026c    00000d5a     
                  0000026c    00000238     main.obj (.text)
                  000004a4    0000022c     uartstdio.obj (.text)
                  000006d0    00000132     driverlib.lib : gpio.obj (.text:GPIOPadConfigSet)
                  00000802    00000002     rtsv7M4_T_le_v4SPD16_eabi.lib : _lock.obj (.text)
                  00000804    00000100     PWM_RGB.obj (.text)
                  00000904    000000f4     driverlib.lib : sysctl.obj (.text:SysCtlClockSet)
                  000009f8    0000009c     rtsv7M4_T_le_v4SPD16_eabi.lib : memcpy_t2.obj (.text)
                  00000a94    0000007a                                   : memset_t2.obj (.text)
                  00000b0e    00000002                                   : i_div0.obj (.text)
                  00000b10    0000006c                                   : autoinit.obj (.text)
                  00000b7c    0000006a                                   : copy_decompress_rle.obj (.text)
                  00000be6    00000002     --HOLE-- [fill = 0]
                  00000be8    00000050                                   : boot.obj (.text)
                  00000c38    0000004c                                   : cpy_tbl.obj (.text)
                  00000c84    00000048     driverlib.lib : gpio.obj (.text:GPIOPinConfigure)
                  00000ccc    00000046                   : uart.obj (.text:UARTConfigSetExpClk)
                  00000d12    00000002     --HOLE-- [fill = 0]
                  00000d14    00000044     rtsv7M4_T_le_v4SPD16_eabi.lib : exit.obj (.text)
                  00000d58    00000040     Button_Utils.obj (.text)
                  00000d98    00000040     rtsv7M4_T_le_v4SPD16_eabi.lib : u_divt2.obj (.text)
                  00000dd8    00000038     driverlib.lib : sysctl.obj (.text:SysCtlPeripheralPresent)
                  00000e10    00000034                   : sysctl.obj (.text:SysCtlPeripheralEnable)
                  00000e44    0000002a                   : gpio.obj (.text:GPIODirModeSet)
                  00000e6e    00000022                   : pwm.obj (.text:PWMGenConfigure)
                  00000e90    00000020                   : uart.obj (.text:UARTDisable)
                  00000eb0    0000001e                   : pwm.obj (.text:PWMPulseWidthSet)
                  00000ece    00000002     --HOLE-- [fill = 0]
                  00000ed0    00000018     rtsv7M4_T_le_v4SPD16_eabi.lib : args_main.obj (.text)
                  00000ee8    00000014     driverlib.lib : sysctl.obj (.text:SysCtlPWMClockSet)
                  00000efc    00000014                   : uart.obj (.text:UARTEnable)
                  00000f10    00000012                   : gpio.obj (.text:GPIOPinTypePWM)
                  00000f22    00000012                   : gpio.obj (.text:GPIOPinTypeUART)
                  00000f34    00000012                   : pwm.obj (.text:PWMGenPeriodGet)
                  00000f46    00000012                   : pwm.obj (.text:PWMOutputInvert)
                  00000f58    00000012                   : pwm.obj (.text:PWMOutputState)
                  00000f6a    00000010                   : pwm.obj (.text:PWMGenPeriodSet)
                  00000f7a    0000000e     rtsv7M4_T_le_v4SPD16_eabi.lib : copy_decompress_none.obj (.text:decompress:none)
                  00000f88    0000000c     driverlib.lib : pwm.obj (.text:PWMGenEnable)
                  00000f94    0000000c     tm4c123gh6pm_startup_ccs.obj (.text)
                  00000fa0    0000000a     driverlib.lib : uart.obj (.text:UARTCharPut)
                  00000faa    00000006                   : gpio.obj (.text:GPIOPinRead)
                  00000fb0    00000006                   : sysctl.obj (.text:SysCtlDelay)
                  00000fb6    00000006                   : uart.obj (.text:UARTClockSourceSet)
                  00000fbc    00000006     rtsv7M4_T_le_v4SPD16_eabi.lib : copy_decompress_rle.obj (.text:decompress:rle24)
                  00000fc2    00000004                                   : pre_init.obj (.text)

.const     0    00000fc8    000000a8     
                  00000fc8    00000090     driverlib.lib : gpio.obj (.const:g_pui32GPIOBaseAddrs)
                  00001058    00000018     uartstdio.obj (.const)

.cinit     0    00001070    00000020     
                  00001070    0000000f     (.cinit..data.load) [load image, compression = rle]
                  0000107f    00000001     --HOLE-- [fill = 0]
                  00001080    00000008     (__TI_handler_table)
                  00001088    00000008     (__TI_cinit_table)

.init_array 
*          0    00000000    00000000     UNINITIALIZED

.stack     0    20000000    00000200     UNINITIALIZED
                  20000000    00000200     --HOLE--

.data      0    20000200    0000001c     UNINITIALIZED
                  20000200    00000008     rtsv7M4_T_le_v4SPD16_eabi.lib : _lock.obj (.data)
                  20000208    00000008                                   : exit.obj (.data)
                  20000210    00000008     uartstdio.obj (.data)
                  20000218    00000004     rtsv7M4_T_le_v4SPD16_eabi.lib : stkdepth_vars.obj (.data)

.TI.persistent 
*          0    20000200    00000000     UNINITIALIZED


LINKER GENERATED COPY TABLES

__TI_cinit_table @ 00001088 records: 1, size/record: 8, table size: 8
	.data: load addr=00001070, load size=0000000f bytes, run addr=20000200, run size=0000001c bytes, compression=rle


LINKER GENERATED HANDLER TABLE

__TI_handler_table @ 00001080 records: 2, size/record: 4, table size: 8
	index: 0, handler: __TI_decompress_rle24
	index: 1, handler: __TI_decompress_none


GLOBAL SYMBOLS: SORTED ALPHABETICALLY BY Name 

address   name                    
-------   ----                    
00000d59  ButtonRead              
00000d15  C$$EXIT                 
00000e45  GPIODirModeSet          
000006d1  GPIOPadConfigSet        
00000c85  GPIOPinConfigure        
00000fab  GPIOPinRead             
00000f11  GPIOPinTypePWM          
00000f23  GPIOPinTypeUART         
00000805  LED_init                
00000e6f  PWMGenConfigure         
00000f89  PWMGenEnable            
00000f35  PWMGenPeriodGet         
00000f6b  PWMGenPeriodSet         
00000f47  PWMOutputInvert         
00000f59  PWMOutputState          
00000eb1  PWMPulseWidthSet        
00000f95  ResetISR                
UNDEFED   SHT$$INIT_ARRAY$$Base   
UNDEFED   SHT$$INIT_ARRAY$$Limit  
00000905  SysCtlClockSet          
00000fb1  SysCtlDelay             
00000ee9  SysCtlPWMClockSet       
00000e11  SysCtlPeripheralEnable  
00000dd9  SysCtlPeripheralPresent 
00000fa1  UARTCharPut             
00000fb7  UARTClockSourceSet      
00000ccd  UARTConfigSetExpClk     
00000e91  UARTDisable             
00000efd  UARTEnable              
000004cd  UARTprintf              
000004a5  UARTwrite               
20000200  __STACK_END             
00000200  __STACK_SIZE            
20000200  __STACK_TOP             
00001088  __TI_CINIT_Base         
00001090  __TI_CINIT_Limit        
00001080  __TI_Handler_Table_Base 
00001088  __TI_Handler_Table_Limit
00000b11  __TI_auto_init          
20000208  __TI_cleanup_ptr        
00000f7b  __TI_decompress_none    
00000fbd  __TI_decompress_rle24   
2000020c  __TI_dtors_ptr          
00000000  __TI_static_base__      
00000b0f  __aeabi_idiv0           
00000a95  __aeabi_memclr          
00000a95  __aeabi_memclr4         
00000a95  __aeabi_memclr8         
000009f9  __aeabi_memcpy          
000009f9  __aeabi_memcpy4         
000009f9  __aeabi_memcpy8         
00000a97  __aeabi_memset          
00000a97  __aeabi_memset4         
00000a97  __aeabi_memset8         
00000d99  __aeabi_uidiv           
00000d99  __aeabi_uidivmod        
ffffffff  __binit__               
ffffffff  __c_args__              
20000000  __stack                 
00000ed1  _args_main              
00000be9  _c_int00                
20000200  _lock                   
00000803  _nop                    
00000fc3  _system_pre_init        
20000204  _unlock                 
00000d19  abort                   
ffffffff  binit                   
00000c39  copy_in                 
00000d21  exit                    
00000000  g_pfnVectors            
0000026d  main                    
20000218  main_func_sp            
000009f9  memcpy                  
00000a9d  memset                  
000008ad  setLedDuty              


GLOBAL SYMBOLS: SORTED BY Symbol Address 

address   name                    
-------   ----                    
00000000  __TI_static_base__      
00000000  g_pfnVectors            
00000200  __STACK_SIZE            
0000026d  main                    
000004a5  UARTwrite               
000004cd  UARTprintf              
000006d1  GPIOPadConfigSet        
00000803  _nop                    
00000805  LED_init                
000008ad  setLedDuty              
00000905  SysCtlClockSet          
000009f9  __aeabi_memcpy          
000009f9  __aeabi_memcpy4         
000009f9  __aeabi_memcpy8         
000009f9  memcpy                  
00000a95  __aeabi_memclr          
00000a95  __aeabi_memclr4         
00000a95  __aeabi_memclr8         
00000a97  __aeabi_memset          
00000a97  __aeabi_memset4         
00000a97  __aeabi_memset8         
00000a9d  memset                  
00000b0f  __aeabi_idiv0           
00000b11  __TI_auto_init          
00000be9  _c_int00                
00000c39  copy_in                 
00000c85  GPIOPinConfigure        
00000ccd  UARTConfigSetExpClk     
00000d15  C$$EXIT                 
00000d19  abort                   
00000d21  exit                    
00000d59  ButtonRead              
00000d99  __aeabi_uidiv           
00000d99  __aeabi_uidivmod        
00000dd9  SysCtlPeripheralPresent 
00000e11  SysCtlPeripheralEnable  
00000e45  GPIODirModeSet          
00000e6f  PWMGenConfigure         
00000e91  UARTDisable             
00000eb1  PWMPulseWidthSet        
00000ed1  _args_main              
00000ee9  SysCtlPWMClockSet       
00000efd  UARTEnable              
00000f11  GPIOPinTypePWM          
00000f23  GPIOPinTypeUART         
00000f35  PWMGenPeriodGet         
00000f47  PWMOutputInvert         
00000f59  PWMOutputState          
00000f6b  PWMGenPeriodSet         
00000f7b  __TI_decompress_none    
00000f89  PWMGenEnable            
00000f95  ResetISR                
00000fa1  UARTCharPut             
00000fab  GPIOPinRead             
00000fb1  SysCtlDelay             
00000fb7  UARTClockSourceSet      
00000fbd  __TI_decompress_rle24   
00000fc3  _system_pre_init        
00001080  __TI_Handler_Table_Base 
00001088  __TI_CINIT_Base         
00001088  __TI_Handler_Table_Limit
00001090  __TI_CINIT_Limit        
20000000  __stack                 
20000200  __STACK_END             
20000200  __STACK_TOP             
20000200  _lock                   
20000204  _unlock                 
20000208  __TI_cleanup_ptr        
2000020c  __TI_dtors_ptr          
20000218  main_func_sp            
ffffffff  __binit__               
ffffffff  __c_args__              
ffffffff  binit                   
UNDEFED   SHT$$INIT_ARRAY$$Base   
UNDEFED   SHT$$INIT_ARRAY$$Limit  

[75 symbols]
